Archive member included to satisfy reference by file (symbol)

/opt/st/stm32cubeide_2.1.0/plugins/com.st.stm32cube.ide.mcu.externaltools.gnu-tools-for-stm32.14.3.rel1.linux64_1.0.100.202602081740/tools/bin/../lib/gcc/arm-none-eabi/14.3.1/../../../../arm-none-eabi/lib/thumb/v7e-m+fp/hard/libc_nano.a(libc_a-exit.o)
                              /opt/st/stm32cubeide_2.1.0/plugins/com.st.stm32cube.ide.mcu.externaltools.gnu-tools-for-stm32.14.3.rel1.linux64_1.0.100.202602081740/tools/bin/../lib/gcc/arm-none-eabi/14.3.1/../../../../arm-none-eabi/lib/thumb/v7e-m+fp/hard/crt0.o (exit)
/opt/st/stm32cubeide_2.1.0/plugins/com.st.stm32cube.ide.mcu.externaltools.gnu-tools-for-stm32.14.3.rel1.linux64_1.0.100.202602081740/tools/bin/../lib/gcc/arm-none-eabi/14.3.1/../../../../arm-none-eabi/lib/thumb/v7e-m+fp/hard/libc_nano.a(libc_a-findfp.o)
                              /opt/st/stm32cubeide_2.1.0/plugins/com.st.stm32cube.ide.mcu.externaltools.gnu-tools-for-stm32.14.3.rel1.linux64_1.0.100.202602081740/tools/bin/../lib/gcc/arm-none-eabi/14.3.1/../../../../arm-none-eabi/lib/thumb/v7e-m+fp/hard/libc_nano.a(libc_a-exit.o) (__stdio_exit_handler)
/opt/st/stm32cubeide_2.1.0/plugins/com.st.stm32cube.ide.mcu.externaltools.gnu-tools-for-stm32.14.3.rel1.linux64_1.0.100.202602081740/tools/bin/../lib/gcc/arm-none-eabi/14.3.1/../../../../arm-none-eabi/lib/thumb/v7e-m+fp/hard/libc_nano.a(libc_a-fwalk.o)
                              /opt/st/stm32cubeide_2.1.0/plugins/com.st.stm32cube.ide.mcu.externaltools.gnu-tools-for-stm32.14.3.rel1.linux64_1.0.100.202602081740/tools/bin/../lib/gcc/arm-none-eabi/14.3.1/../../../../arm-none-eabi/lib/thumb/v7e-m+fp/hard/libc_nano.a(libc_a-findfp.o) (_fwalk_sglue)
/opt/st/stm32cubeide_2.1.0/plugins/com.st.stm32cube.ide.mcu.externaltools.gnu-tools-for-stm32.14.3.rel1.linux64_1.0.100.202602081740/tools/bin/../lib/gcc/arm-none-eabi/14.3.1/../../../../arm-none-eabi/lib/thumb/v7e-m+fp/hard/libc_nano.a(libc_a-stdio.o)
                              /opt/st/stm32cubeide_2.1.0/plugins/com.st.stm32cube.ide.mcu.externaltools.gnu-tools-for-stm32.14.3.rel1.linux64_1.0.100.202602081740/tools/bin/../lib/gcc/arm-none-eabi/14.3.1/../../../../arm-none-eabi/lib/thumb/v7e-m+fp/hard/libc_nano.a(libc_a-findfp.o) (__sread)
/opt/st/stm32cubeide_2.1.0/plugins/com.st.stm32cube.ide.mcu.externaltools.gnu-tools-for-stm32.14.3.rel1.linux64_1.0.100.202602081740/tools/bin/../lib/gcc/arm-none-eabi/14.3.1/../../../../arm-none-eabi/lib/thumb/v7e-m+fp/hard/libc_nano.a(libc_a-memset.o)
                              /opt/st/stm32cubeide_2.1.0/plugins/com.st.stm32cube.ide.mcu.externaltools.gnu-tools-for-stm32.14.3.rel1.linux64_1.0.100.202602081740/tools/bin/../lib/gcc/arm-none-eabi/14.3.1/../../../../arm-none-eabi/lib/thumb/v7e-m+fp/hard/crt0.o (memset)
/opt/st/stm32cubeide_2.1.0/plugins/com.st.stm32cube.ide.mcu.externaltools.gnu-tools-for-stm32.14.3.rel1.linux64_1.0.100.202602081740/tools/bin/../lib/gcc/arm-none-eabi/14.3.1/../../../../arm-none-eabi/lib/thumb/v7e-m+fp/hard/libc_nano.a(libc_a-closer.o)
                              /opt/st/stm32cubeide_2.1.0/plugins/com.st.stm32cube.ide.mcu.externaltools.gnu-tools-for-stm32.14.3.rel1.linux64_1.0.100.202602081740/tools/bin/../lib/gcc/arm-none-eabi/14.3.1/../../../../arm-none-eabi/lib/thumb/v7e-m+fp/hard/libc_nano.a(libc_a-stdio.o) (_close_r)
/opt/st/stm32cubeide_2.1.0/plugins/com.st.stm32cube.ide.mcu.externaltools.gnu-tools-for-stm32.14.3.rel1.linux64_1.0.100.202602081740/tools/bin/../lib/gcc/arm-none-eabi/14.3.1/../../../../arm-none-eabi/lib/thumb/v7e-m+fp/hard/libc_nano.a(libc_a-reent.o)
                              /opt/st/stm32cubeide_2.1.0/plugins/com.st.stm32cube.ide.mcu.externaltools.gnu-tools-for-stm32.14.3.rel1.linux64_1.0.100.202602081740/tools/bin/../lib/gcc/arm-none-eabi/14.3.1/../../../../arm-none-eabi/lib/thumb/v7e-m+fp/hard/libc_nano.a(libc_a-closer.o) (errno)
/opt/st/stm32cubeide_2.1.0/plugins/com.st.stm32cube.ide.mcu.externaltools.gnu-tools-for-stm32.14.3.rel1.linux64_1.0.100.202602081740/tools/bin/../lib/gcc/arm-none-eabi/14.3.1/../../../../arm-none-eabi/lib/thumb/v7e-m+fp/hard/libc_nano.a(libc_a-impure.o)
                              /opt/st/stm32cubeide_2.1.0/plugins/com.st.stm32cube.ide.mcu.externaltools.gnu-tools-for-stm32.14.3.rel1.linux64_1.0.100.202602081740/tools/bin/../lib/gcc/arm-none-eabi/14.3.1/../../../../arm-none-eabi/lib/thumb/v7e-m+fp/hard/libc_nano.a(libc_a-reent.o) (_impure_ptr)
/opt/st/stm32cubeide_2.1.0/plugins/com.st.stm32cube.ide.mcu.externaltools.gnu-tools-for-stm32.14.3.rel1.linux64_1.0.100.202602081740/tools/bin/../lib/gcc/arm-none-eabi/14.3.1/../../../../arm-none-eabi/lib/thumb/v7e-m+fp/hard/libc_nano.a(libc_a-lseekr.o)
                              /opt/st/stm32cubeide_2.1.0/plugins/com.st.stm32cube.ide.mcu.externaltools.gnu-tools-for-stm32.14.3.rel1.linux64_1.0.100.202602081740/tools/bin/../lib/gcc/arm-none-eabi/14.3.1/../../../../arm-none-eabi/lib/thumb/v7e-m+fp/hard/libc_nano.a(libc_a-stdio.o) (_lseek_r)
[...]
Memory Configuration

Name             Origin             Length             Attributes
CCMRAM           0x10000000         0x00010000         xrw
RAM              0x20000000         0x00020000         xrw
FLASH            0x08000000         0x00100000         xr
*default*        0x00000000         0xffffffff

Linker script and memory map

LOAD /opt/st/stm32cubeide_2.1.0/plugins/com.st.stm32cube.ide.mcu.externaltools.gnu-tools-for-stm32.14.3.rel1.linux64_1.0.100.202602081740/tools/bin/../lib/gcc/arm-none-eabi/14.3.1/thumb/v7e-m+fp/hard/crti.o
LOAD /opt/st/stm32cubeide_2.1.0/plugins/com.st.stm32cube.ide.mcu.externaltools.gnu-tools-for-stm32.14.3.rel1.linux64_1.0.100.202602081740/tools/bin/../lib/gcc/arm-none-eabi/14.3.1/thumb/v7e-m+fp/hard/crtbegin.o
LOAD /opt/st/stm32cubeide_2.1.0/plugins/com.st.stm32cube.ide.mcu.externaltools.gnu-tools-for-stm32.14.3.rel1.linux64_1.0.100.202602081740/tools/bin/../lib/gcc/arm-none-eabi/14.3.1/../../../../arm-none-eabi/lib/thumb/v7e-m+fp/hard/crt0.o
LOAD ./Core/Src/main.o
LOAD ./Core/Src/stm32f4xx_hal_msp.o
LOAD ./Core/Src/stm32f4xx_it.o
LOAD ./Core/Src/syscalls.o
LOAD ./Core/Src/sysmem.o
LOAD ./Core/Src/system_stm32f4xx.o
LOAD ./Core/Startup/startup_stm32f407vgtx.o
LOAD ./Drivers/STM32F4xx_HAL_Driver/Src/stm32f4xx_hal.o
LOAD ./Drivers/STM32F4xx_HAL_Driver/Src/stm32f4xx_hal_cortex.o
LOAD ./Drivers/STM32F4xx_HAL_Driver/Src/stm32f4xx_hal_dma.o
LOAD ./Drivers/STM32F4xx_HAL_Driver/Src/stm32f4xx_hal_dma_ex.o
LOAD ./Drivers/STM32F4xx_HAL_Driver/Src/stm32f4xx_hal_exti.o
LOAD ./Drivers/STM32F4xx_HAL_Driver/Src/stm32f4xx_hal_flash.o
LOAD ./Drivers/STM32F4xx_HAL_Driver/Src/stm32f4xx_hal_flash_ex.o
LOAD ./Drivers/STM32F4xx_HAL_Driver/Src/stm32f4xx_hal_flash_ramfunc.o
LOAD ./Drivers/STM32F4xx_HAL_Driver/Src/stm32f4xx_hal_gpio.o
LOAD ./Drivers/STM32F4xx_HAL_Driver/Src/stm32f4xx_hal_pcd.o
LOAD ./Drivers/STM32F4xx_HAL_Driver/Src/stm32f4xx_hal_pcd_ex.o
LOAD ./Drivers/STM32F4xx_HAL_Driver/Src/stm32f4xx_hal_pwr.o
LOAD ./Drivers/STM32F4xx_HAL_Driver/Src/stm32f4xx_hal_pwr_ex.o
LOAD ./Drivers/STM32F4xx_HAL_Driver/Src/stm32f4xx_hal_rcc.o
LOAD ./Drivers/STM32F4xx_HAL_Driver/Src/stm32f4xx_hal_rcc_ex.o
LOAD ./Drivers/STM32F4xx_HAL_Driver/Src/stm32f4xx_ll_usb.o
LOAD ./Middlewares/ST/STM32_USB_Device_Library/Class/CDC/Src/usbd_cdc.o
LOAD ./Middlewares/ST/STM32_USB_Device_Library/Core/Src/usbd_core.o
LOAD ./Middlewares/ST/STM32_USB_Device_Library/Core/Src/usbd_ctlreq.o
LOAD ./Middlewares/ST/STM32_USB_Device_Library/Core/Src/usbd_ioreq.o
LOAD ./USB_DEVICE/App/usb_device.o
LOAD ./USB_DEVICE/App/usbd_cdc_if.o
LOAD ./USB_DEVICE/App/usbd_desc.o
LOAD ./USB_DEVICE/Target/usbd_conf.o
START GROUP
LOAD /opt/st/stm32cubeide_2.1.0/plugins/com.st.stm32cube.ide.mcu.externaltools.gnu-tools-for-stm32.14.3.rel1.linux64_1.0.100.202602081740/tools/bin/../lib/gcc/arm-none-eabi/14.3.1/../../../../arm-none-eabi/lib/thumb/v7e-m+fp/hard/libc_nano.a
LOAD /opt/st/stm32cubeide_2.1.0/plugins/com.st.stm32cube.ide.mcu.externaltools.gnu-tools-for-stm32.14.3.rel1.linux64_1.0.100.202602081740/tools/bin/../lib/gcc/arm-none-eabi/14.3.1/../../../../arm-none-eabi/lib/thumb/v7e-m+fp/hard/libm.a
END GROUP
START GROUP
LOAD /opt/st/stm32cubeide_2.1.0/plugins/com.st.stm32cube.ide.mcu.externaltools.gnu-tools-for-stm32.14.3.rel1.linux64_1.0.100.202602081740/tools/bin/../lib/gcc/arm-none-eabi/14.3.1/thumb/v7e-m+fp/hard/libgcc.a
LOAD /opt/st/stm32cubeide_2.1.0/plugins/com.st.stm32cube.ide.mcu.externaltools.gnu-tools-for-stm32.14.3.rel1.linux64_1.0.100.202602081740/tools/bin/../lib/gcc/arm-none-eabi/14.3.1/../../../../arm-none-eabi/lib/thumb/v7e-m+fp/hard/libc_nano.a
END GROUP
START GROUP
LOAD /opt/st/stm32cubeide_2.1.0/plugins/com.st.stm32cube.ide.mcu.externaltools.gnu-tools-for-stm32.14.3.rel1.linux64_1.0.100.202602081740/tools/bin/../lib/gcc/arm-none-eabi/14.3.1/thumb/v7e-m+fp/hard/libgcc.a
LOAD /opt/st/stm32cubeide_2.1.0/plugins/com.st.stm32cube.ide.mcu.externaltools.gnu-tools-for-stm32.14.3.rel1.linux64_1.0.100.202602081740/tools/bin/../lib/gcc/arm-none-eabi/14.3.1/../../../../arm-none-eabi/lib/thumb/v7e-m+fp/hard/libc_nano.a
LOAD /opt/st/stm32cubeide_2.1.0/plugins/com.st.stm32cube.ide.mcu.externaltools.gnu-tools-for-stm32.14.3.rel1.linux64_1.0.100.202602081740/tools/bin/../lib/gcc/arm-none-eabi/14.3.1/../../../../arm-none-eabi/lib/thumb/v7e-m+fp/hard/libnosys.a
END GROUP
START GROUP
LOAD /opt/st/stm32cubeide_2.1.0/plugins/com.st.stm32cube.ide.mcu.externaltools.gnu-tools-for-stm32.14.3.rel1.linux64_1.0.100.202602081740/tools/bin/../lib/gcc/arm-none-eabi/14.3.1/thumb/v7e-m+fp/hard/libgcc.a
LOAD /opt/st/stm32cubeide_2.1.0/plugins/com.st.stm32cube.ide.mcu.externaltools.gnu-tools-for-stm32.14.3.rel1.linux64_1.0.100.202602081740/tools/bin/../lib/gcc/arm-none-eabi/14.3.1/../../../../arm-none-eabi/lib/thumb/v7e-m+fp/hard/libc_nano.a
LOAD /opt/st/stm32cubeide_2.1.0/plugins/com.st.stm32cube.ide.mcu.externaltools.gnu-tools-for-stm32.14.3.rel1.linux64_1.0.100.202602081740/tools/bin/../lib/gcc/arm-none-eabi/14.3.1/../../../../arm-none-eabi/lib/thumb/v7e-m+fp/hard/libnosys.a
END GROUP
LOAD /opt/st/stm32cubeide_2.1.0/plugins/com.st.stm32cube.ide.mcu.externaltools.gnu-tools-for-stm32.14.3.rel1.linux64_1.0.100.202602081740/tools/bin/../lib/gcc/arm-none-eabi/14.3.1/thumb/v7e-m+fp/hard/crtend.o
LOAD /opt/st/stm32cubeide_2.1.0/plugins/com.st.stm32cube.ide.mcu.externaltools.gnu-tools-for-stm32.14.3.rel1.linux64_1.0.100.202602081740/tools/bin/../lib/gcc/arm-none-eabi/14.3.1/thumb/v7e-m+fp/hard/crtn.o
                0x20020000                        _estack = (ORIGIN (RAM) + LENGTH (RAM))
                0x00000800                        _Min_Heap_Size = 0x800
                0x00000400                        _Min_Stack_Size = 0x400

.isr_vector     0x08000000      0x188
                0x08000000                        . = ALIGN (0x4)
 *(.isr_vector)
 .isr_vector    0x08000000      0x188 ./Core/Startup/startup_stm32f407vgtx.o
                0x08000000                g_pfnVectors
                0x08000188                        . = ALIGN (0x4)

.text           0x08000188     0x6c50
                0x08000188                        . = ALIGN (0x4)
 *(.text)
 .text          0x08000188       0x40 /opt/st/stm32cubeide_2.1.0/plugins/com.st.stm32cube.ide.mcu.externaltools.gnu-tools-for-stm32.14.3.rel1.linux64_1.0.100.202602081740/tools/bin/../lib/gcc/arm-none-eabi/14.3.1/thumb/v7e-m+fp/hard/crtbegin.o
 .text          0x080001c8       0x10 /opt/st/stm32cubeide_2.1.0/plugins/com.st.stm32cube.ide.mcu.externaltools.gnu-tools-for-stm32.14.3.rel1.linux64_1.0.100.202602081740/tools/bin/../lib/gcc/arm-none-eabi/14.3.1/../../../../arm-none-eabi/lib/thumb/v7e-m+fp/hard/libc_nano.a(libc_a-strlen.o)
                0x080001c8                strlen
 .text          0x080001d8       0x30 /opt/st/stm32cubeide_2.1.0/plugins/com.st.stm32cube.ide.mcu.externaltools.gnu-tools-for-stm32.14.3.rel1.linux64_1.0.100.202602081740/tools/bin/../lib/gcc/arm-none-eabi/14.3.1/thumb/v7e-m+fp/hard/libgcc.a(_aeabi_uldivmod.o)
                0x080001d8                __aeabi_uldivmod
 .text          0x08000208      0x2f8 /opt/st/stm32cubeide_2.1.0/plugins/com.st.stm32cube.ide.mcu.externaltools.gnu-tools-for-stm32.14.3.rel1.linux64_1.0.100.202602081740/tools/bin/../lib/gcc/arm-none-eabi/14.3.1/thumb/v7e-m+fp/hard/libgcc.a(_udivmoddi4.o)
                0x08000208                __udivmoddi4
 .text          0x08000500        0x4 /opt/st/stm32cubeide_2.1.0/plugins/com.st.stm32cube.ide.mcu.externaltools.gnu-tools-for-stm32.14.3.rel1.linux64_1.0.100.202602081740/tools/bin/../lib/gcc/arm-none-eabi/14.3.1/thumb/v7e-m+fp/hard/libgcc.a(_dvmd_tls.o)
                0x08000500                __aeabi_ldiv0
                0x08000500                __aeabi_idiv0
 *(.text*)
 .text.main     0x08000504       0x74 ./Core/Src/main.o
                0x08000504                main
 .text.SystemClock_Config
                0x08000578       0xd4 ./Core/Src/main.o
                0x08000578                SystemClock_Config
 .text.MX_GPIO_Init
                0x0800064c       0x50 ./Core/Src/main.o
 .text.Error_Handler
                0x0800069c        0xc ./Core/Src/main.o
                0x0800069c                Error_Handler
 .text.HAL_MspInit
                0x080006a8       0x50 ./Core/Src/stm32f4xx_hal_msp.o
                0x080006a8                HAL_MspInit
 .text.NMI_Handler
                0x080006f8        0x8 ./Core/Src/stm32f4xx_it.o
                0x080006f8                NMI_Handler
 .text.HardFault_Handler
                0x08000700        0x8 ./Core/Src/stm32f4xx_it.o
                0x08000700                HardFault_Handler
 .text.MemManage_Handler
                0x08000708        0x8 ./Core/Src/stm32f4xx_it.o
                0x08000708                MemManage_Handler
 .text.BusFault_Handler
                0x08000710        0x8 ./Core/Src/stm32f4xx_it.o
                0x08000710                BusFault_Handler
 .text.UsageFault_Handler
                0x08000718        0x8 ./Core/Src/stm32f4xx_it.o
                0x08000718                UsageFault_Handler
 .text.SVC_Handler
                0x08000720        0xe ./Core/Src/stm32f4xx_it.o
                0x08000720                SVC_Handler
 .text.DebugMon_Handler
                0x0800072e        0xe ./Core/Src/stm32f4xx_it.o
                0x0800072e                DebugMon_Handler
 .text.PendSV_Handler
                0x0800073c        0xe ./Core/Src/stm32f4xx_it.o
                0x0800073c                PendSV_Handler
 .text.SysTick_Handler
                0x0800074a        0xc ./Core/Src/stm32f4xx_it.o
                0x0800074a                SysTick_Handler
 *fill*         0x08000756        0x2 
 .text.OTG_FS_IRQHandler
                0x08000758       0x14 ./Core/Src/stm32f4xx_it.o
                0x08000758                OTG_FS_IRQHandler
 .text.SystemInit
                0x0800076c       0x24 ./Core/Src/system_stm32f4xx.o
                0x0800076c                SystemInit
 .text.Reset_Handler
                0x08000790       0x50 ./Core/Startup/startup_stm32f407vgtx.o
                0x08000790                Reset_Handler
 .text.Default_Handler
                0x080007e0        0x2 ./Core/Startup/startup_stm32f407vgtx.o
                0x080007e0                RTC_Alarm_IRQHandler
                0x080007e0                HASH_RNG_IRQHandler
                0x080007e0                EXTI2_IRQHandler
                0x080007e0                TIM8_CC_IRQHandler
                0x080007e0                TIM1_CC_IRQHandler
                0x080007e0                DMA2_Stream5_IRQHandler
                0x080007e0                DMA1_Stream5_IRQHandler
                0x080007e0                PVD_IRQHandler
                0x080007e0                SDIO_IRQHandler
                0x080007e0                TAMP_STAMP_IRQHandler
                0x080007e0                CAN2_RX1_IRQHandler
                0x080007e0                EXTI3_IRQHandler
                0x080007e0                TIM8_TRG_COM_TIM14_IRQHandler
                0x080007e0                TIM1_UP_TIM10_IRQHandler
                0x080007e0                TIM8_UP_TIM13_IRQHandler
                0x080007e0                I2C3_ER_IRQHandler
                0x080007e0                EXTI0_IRQHandler
                0x080007e0                I2C2_EV_IRQHandler
                0x080007e0                DMA1_Stream2_IRQHandler
                0x080007e0                CAN1_RX0_IRQHandler
                0x080007e0                FPU_IRQHandler
                0x080007e0                OTG_HS_WKUP_IRQHandler
                0x080007e0                CAN2_SCE_IRQHandler
                0x080007e0                DMA2_Stream2_IRQHandler
                0x080007e0                SPI1_IRQHandler
                0x080007e0                TIM6_DAC_IRQHandler
                0x080007e0                TIM1_BRK_TIM9_IRQHandler
                0x080007e0                DCMI_IRQHandler
                0x080007e0                CAN2_RX0_IRQHandler
                0x080007e0                DMA2_Stream3_IRQHandler
                0x080007e0                USART6_IRQHandler
                0x080007e0                USART3_IRQHandler
                0x080007e0                CAN1_RX1_IRQHandler
                0x080007e0                UART5_IRQHandler
                0x080007e0                DMA2_Stream0_IRQHandler
                0x080007e0                TIM4_IRQHandler
                0x080007e0                I2C1_EV_IRQHandler
                0x080007e0                DMA1_Stream6_IRQHandler
                0x080007e0                DMA1_Stream1_IRQHandler
                0x080007e0                UART4_IRQHandler
                0x080007e0                TIM3_IRQHandler
                0x080007e0                RCC_IRQHandler
                0x080007e0                TIM8_BRK_TIM12_IRQHandler
                0x080007e0                Default_Handler
                0x080007e0                EXTI15_10_IRQHandler
                0x080007e0                ADC_IRQHandler
                0x080007e0                DMA1_Stream7_IRQHandler
                0x080007e0                TIM7_IRQHandler
                0x080007e0                CAN2_TX_IRQHandler
                0x080007e0                TIM5_IRQHandler
                0x080007e0                DMA2_Stream7_IRQHandler
                0x080007e0                I2C3_EV_IRQHandler
                0x080007e0                EXTI9_5_IRQHandler
                0x080007e0                RTC_WKUP_IRQHandler
                0x080007e0                ETH_WKUP_IRQHandler
                0x080007e0                SPI2_IRQHandler
                0x080007e0                OTG_HS_EP1_IN_IRQHandler
                0x080007e0                DMA1_Stream0_IRQHandler
                0x080007e0                CAN1_TX_IRQHandler
                0x080007e0                EXTI4_IRQHandler
                0x080007e0                FSMC_IRQHandler
                0x080007e0                ETH_IRQHandler
                0x080007e0                OTG_HS_EP1_OUT_IRQHandler
                0x080007e0                WWDG_IRQHandler
                0x080007e0                TIM2_IRQHandler
                0x080007e0                OTG_FS_WKUP_IRQHandler
                0x080007e0                TIM1_TRG_COM_TIM11_IRQHandler
                0x080007e0                OTG_HS_IRQHandler
                0x080007e0                EXTI1_IRQHandler
                0x080007e0                USART2_IRQHandler
                0x080007e0                I2C2_ER_IRQHandler
                0x080007e0                DMA2_Stream1_IRQHandler
                0x080007e0                CAN1_SCE_IRQHandler
                0x080007e0                FLASH_IRQHandler
                0x080007e0                DMA2_Stream4_IRQHandler
                0x080007e0                USART1_IRQHandler
                0x080007e0                SPI3_IRQHandler
                0x080007e0                DMA1_Stream4_IRQHandler
                0x080007e0                I2C1_ER_IRQHandler
                0x080007e0                DMA2_Stream6_IRQHandler
                0x080007e0                DMA1_Stream3_IRQHandler
 *fill*         0x080007e2        0x2 
 .text.HAL_Init
                0x080007e4       0x44 ./Drivers/STM32F4xx_HAL_Driver/Src/stm32f4xx_hal.o
                0x080007e4                HAL_Init
 .text.HAL_InitTick
                0x08000828       0x60 ./Drivers/STM32F4xx_HAL_Driver/Src/stm32f4xx_hal.o
                0x08000828                HAL_InitTick
 .text.HAL_IncTick
                0x08000888       0x28 ./Drivers/STM32F4xx_HAL_Driver/Src/stm32f4xx_hal.o
                0x08000888                HAL_IncTick
 .text.HAL_GetTick
                0x080008b0       0x18 ./Drivers/STM32F4xx_HAL_Driver/Src/stm32f4xx_hal.o
                0x080008b0                HAL_GetTick
 .text.HAL_Delay
                0x080008c8       0x48 ./Drivers/STM32F4xx_HAL_Driver/Src/stm32f4xx_hal.o
                0x080008c8                HAL_Delay
 .text.__NVIC_SetPriorityGrouping
                0x08000910       0x48 ./Drivers/STM32F4xx_HAL_Driver/Src/stm32f4xx_hal_cortex.o
 .text.__NVIC_GetPriorityGrouping
                0x08000958       0x1c ./Drivers/STM32F4xx_HAL_Driver/Src/stm32f4xx_hal_cortex.o
 .text.__NVIC_EnableIRQ
                0x08000974       0x3c ./Drivers/STM32F4xx_HAL_Driver/Src/stm32f4xx_hal_cortex.o
 .text.__NVIC_SetPriority
                0x080009b0       0x54 ./Drivers/STM32F4xx_HAL_Driver/Src/stm32f4xx_hal_cortex.o
 .text.NVIC_EncodePriority
                0x08000a04       0x66 ./Drivers/STM32F4xx_HAL_Driver/Src/stm32f4xx_hal_cortex.o
 *fill*         0x08000a6a        0x2 
 .text.SysTick_Config
                0x08000a6c       0x44 ./Drivers/STM32F4xx_HAL_Driver/Src/stm32f4xx_hal_cortex.o
 .text.HAL_NVIC_SetPriorityGrouping
                0x08000ab0       0x16 ./Drivers/STM32F4xx_HAL_Driver/Src/stm32f4xx_hal_cortex.o
                0x08000ab0                HAL_NVIC_SetPriorityGrouping
 .text.HAL_NVIC_SetPriority
                0x08000ac6       0x38 ./Drivers/STM32F4xx_HAL_Driver/Src/stm32f4xx_hal_cortex.o
                0x08000ac6                HAL_NVIC_SetPriority
 .text.HAL_NVIC_EnableIRQ
                0x08000afe       0x1c ./Drivers/STM32F4xx_HAL_Driver/Src/stm32f4xx_hal_cortex.o
                0x08000afe                HAL_NVIC_EnableIRQ
 .text.HAL_SYSTICK_Config
                0x08000b1a       0x18 ./Drivers/STM32F4xx_HAL_Driver/Src/stm32f4xx_hal_cortex.o
                0x08000b1a                HAL_SYSTICK_Config
 *fill*         0x08000b32        0x2 
 .text.HAL_GPIO_Init
                0x08000b34      0x338 ./Drivers/STM32F4xx_HAL_Driver/Src/stm32f4xx_hal_gpio.o
                0x08000b34                HAL_GPIO_Init
 .text.HAL_PCD_Init
                0x08000e6c      0x21e ./Drivers/STM32F4xx_HAL_Driver/Src/stm32f4xx_hal_pcd.o
                0x08000e6c                HAL_PCD_Init
 .text.HAL_PCD_Start
                0x0800108a       0x6a ./Drivers/STM32F4xx_HAL_Driver/Src/stm32f4xx_hal_pcd.o
                0x0800108a                HAL_PCD_Start
 .text.HAL_PCD_IRQHandler
                0x080010f4      0x942 ./Drivers/STM32F4xx_HAL_Driver/Src/stm32f4xx_hal_pcd.o
                0x080010f4                HAL_PCD_IRQHandler
 .text.HAL_PCD_SetAddress
                0x08001a36       0x48 ./Drivers/STM32F4xx_HAL_Driver/Src/stm32f4xx_hal_pcd.o
                0x08001a36                HAL_PCD_SetAddress
 .text.HAL_PCD_EP_Open
                0x08001a7e       0xd4 ./Drivers/STM32F4xx_HAL_Driver/Src/stm32f4xx_hal_pcd.o
                0x08001a7e                HAL_PCD_EP_Open
 .text.HAL_PCD_EP_Close
                0x08001b52       0x94 ./Drivers/STM32F4xx_HAL_Driver/Src/stm32f4xx_hal_pcd.o
                0x08001b52                HAL_PCD_EP_Close
 .text.HAL_PCD_EP_Receive
                0x08001be6       0x76 ./Drivers/STM32F4xx_HAL_Driver/Src/stm32f4xx_hal_pcd.o
                0x08001be6                HAL_PCD_EP_Receive
 .text.HAL_PCD_EP_GetRxCount
                0x08001c5c       0x30 ./Drivers/STM32F4xx_HAL_Driver/Src/stm32f4xx_hal_pcd.o
                0x08001c5c                HAL_PCD_EP_GetRxCount
 .text.HAL_PCD_EP_Transmit
                0x08001c8c       0x74 ./Drivers/STM32F4xx_HAL_Driver/Src/stm32f4xx_hal_pcd.o
                0x08001c8c                HAL_PCD_EP_Transmit
 .text.HAL_PCD_EP_SetStall
                0x08001d00       0xc6 ./Drivers/STM32F4xx_HAL_Driver/Src/stm32f4xx_hal_pcd.o
                0x08001d00                HAL_PCD_EP_SetStall
 .text.HAL_PCD_EP_ClrStall
                0x08001dc6       0xac ./Drivers/STM32F4xx_HAL_Driver/Src/stm32f4xx_hal_pcd.o
                0x08001dc6                HAL_PCD_EP_ClrStall
 .text.HAL_PCD_EP_Abort
                0x08001e72       0x62 ./Drivers/STM32F4xx_HAL_Driver/Src/stm32f4xx_hal_pcd.o
                0x08001e72                HAL_PCD_EP_Abort
 .text.PCD_WriteEmptyTxFifo
                0x08001ed4      0x118 ./Drivers/STM32F4xx_HAL_Driver/Src/stm32f4xx_hal_pcd.o
 .text.PCD_EP_OutXfrComplete_int
                0x08001fec      0x1d0 ./Drivers/STM32F4xx_HAL_Driver/Src/stm32f4xx_hal_pcd.o
 .text.PCD_EP_OutSetupPacket_int
                0x080021bc       0x8c ./Drivers/STM32F4xx_HAL_Driver/Src/stm32f4xx_hal_pcd.o
 .text.HAL_PCDEx_SetTxFiFo
                0x08002248       0x8e ./Drivers/STM32F4xx_HAL_Driver/Src/stm32f4xx_hal_pcd_ex.o
                0x08002248                HAL_PCDEx_SetTxFiFo
 .text.HAL_PCDEx_SetRxFiFo
                0x080022d6       0x22 ./Drivers/STM32F4xx_HAL_Driver/Src/stm32f4xx_hal_pcd_ex.o
                0x080022d6                HAL_PCDEx_SetRxFiFo
 .text.HAL_PCDEx_LPM_Callback
                0x080022f8       0x18 ./Drivers/STM32F4xx_HAL_Driver/Src/stm32f4xx_hal_pcd_ex.o
                0x080022f8                HAL_PCDEx_LPM_Callback
 .text.HAL_RCC_OscConfig
                0x08002310      0x4f0 ./Drivers/STM32F4xx_HAL_Driver/Src/stm32f4xx_hal_rcc.o
                0x08002310                HAL_RCC_OscConfig
 .text.HAL_RCC_ClockConfig
                0x08002800      0x1cc ./Drivers/STM32F4xx_HAL_Driver/Src/stm32f4xx_hal_rcc.o
                0x08002800                HAL_RCC_ClockConfig
 .text.HAL_RCC_GetSysClockFreq
                0x080029cc      0x20c ./Drivers/STM32F4xx_HAL_Driver/Src/stm32f4xx_hal_rcc.o
                0x080029cc                HAL_RCC_GetSysClockFreq
 .text.HAL_RCC_GetHCLKFreq
                0x08002bd8       0x18 ./Drivers/STM32F4xx_HAL_Driver/Src/stm32f4xx_hal_rcc.o
                0x08002bd8                HAL_RCC_GetHCLKFreq
 .text.USB_CoreInit
                0x08002bf0       0xc8 ./Drivers/STM32F4xx_HAL_Driver/Src/stm32f4xx_ll_usb.o
                0x08002bf0                USB_CoreInit
 .text.USB_SetTurnaroundTime
                0x08002cb8      0x144 ./Drivers/STM32F4xx_HAL_Driver/Src/stm32f4xx_ll_usb.o
                0x08002cb8                USB_SetTurnaroundTime
 .text.USB_EnableGlobalInt
                0x08002dfc       0x22 ./Drivers/STM32F4xx_HAL_Driver/Src/stm32f4xx_ll_usb.o
                0x08002dfc                USB_EnableGlobalInt
 .text.USB_DisableGlobalInt
                0x08002e1e       0x22 ./Drivers/STM32F4xx_HAL_Driver/Src/stm32f4xx_ll_usb.o
                0x08002e1e                USB_DisableGlobalInt
 .text.USB_SetCurrentMode
                0x08002e40       0x98 ./Drivers/STM32F4xx_HAL_Driver/Src/stm32f4xx_ll_usb.o
                0x08002e40                USB_SetCurrentMode
 .text.USB_DevInit
                0x08002ed8      0x2c8 ./Drivers/STM32F4xx_HAL_Driver/Src/stm32f4xx_ll_usb.o
                0x08002ed8                USB_DevInit
 .text.USB_FlushTxFifo
                0x080031a0       0x64 ./Drivers/STM32F4xx_HAL_Driver/Src/stm32f4xx_ll_usb.o
                0x080031a0                USB_FlushTxFifo
 .text.USB_FlushRxFifo
                0x08003204       0x5c ./Drivers/STM32F4xx_HAL_Driver/Src/stm32f4xx_ll_usb.o
                0x08003204                USB_FlushRxFifo
 .text.USB_SetDevSpeed
                0x08003260       0x32 ./Drivers/STM32F4xx_HAL_Driver/Src/stm32f4xx_ll_usb.o
                0x08003260                USB_SetDevSpeed
 .text.USB_GetDevSpeed
                0x08003292       0x4a ./Drivers/STM32F4xx_HAL_Driver/Src/stm32f4xx_ll_usb.o
                0x08003292                USB_GetDevSpeed
 .text.USB_ActivateEndpoint
                0x080032dc      0x10e ./Drivers/STM32F4xx_HAL_Driver/Src/stm32f4xx_ll_usb.o
                0x080032dc                USB_ActivateEndpoint
 *fill*         0x080033ea        0x2 
 .text.USB_DeactivateEndpoint
                0x080033ec      0x1b8 ./Drivers/STM32F4xx_HAL_Driver/Src/stm32f4xx_ll_usb.o
                0x080033ec                USB_DeactivateEndpoint
 .text.USB_EPStartXfer
                0x080035a4      0x53c ./Drivers/STM32F4xx_HAL_Driver/Src/stm32f4xx_ll_usb.o
                0x080035a4                USB_EPStartXfer
 .text.USB_EPStopXfer
                0x08003ae0      0x154 ./Drivers/STM32F4xx_HAL_Driver/Src/stm32f4xx_ll_usb.o
                0x08003ae0                USB_EPStopXfer
 .text.USB_WritePacket
                0x08003c34       0x7c ./Drivers/STM32F4xx_HAL_Driver/Src/stm32f4xx_ll_usb.o
                0x08003c34                USB_WritePacket
 .text.USB_ReadPacket
                0x08003cb0       0xb0 ./Drivers/STM32F4xx_HAL_Driver/Src/stm32f4xx_ll_usb.o
                0x08003cb0                USB_ReadPacket
 .text.USB_EPSetStall
                0x08003d60       0xdc ./Drivers/STM32F4xx_HAL_Driver/Src/stm32f4xx_ll_usb.o
                0x08003d60                USB_EPSetStall
 .text.USB_EPClearStall
                0x08003e3c       0xcc ./Drivers/STM32F4xx_HAL_Driver/Src/stm32f4xx_ll_usb.o
                0x08003e3c                USB_EPClearStall
 .text.USB_SetDevAddress
                0x08003f08       0x4c ./Drivers/STM32F4xx_HAL_Driver/Src/stm32f4xx_ll_usb.o
                0x08003f08                USB_SetDevAddress
 .text.USB_DevConnect
                0x08003f54       0x42 ./Drivers/STM32F4xx_HAL_Driver/Src/stm32f4xx_ll_usb.o
                0x08003f54                USB_DevConnect
 .text.USB_DevDisconnect
                0x08003f96       0x42 ./Drivers/STM32F4xx_HAL_Driver/Src/stm32f4xx_ll_usb.o
                0x08003f96                USB_DevDisconnect
 .text.USB_ReadInterrupts
                0x08003fd8       0x26 ./Drivers/STM32F4xx_HAL_Driver/Src/stm32f4xx_ll_usb.o
                0x08003fd8                USB_ReadInterrupts
 .text.USB_ReadDevAllOutEpInterrupt
                0x08003ffe       0x34 ./Drivers/STM32F4xx_HAL_Driver/Src/stm32f4xx_ll_usb.o
                0x08003ffe                USB_ReadDevAllOutEpInterrupt
 .text.USB_ReadDevAllInEpInterrupt
                0x08004032       0x34 ./Drivers/STM32F4xx_HAL_Driver/Src/stm32f4xx_ll_usb.o
                0x08004032                USB_ReadDevAllInEpInterrupt
 .text.USB_ReadDevOutEPInterrupt
                0x08004066       0x3c ./Drivers/STM32F4xx_HAL_Driver/Src/stm32f4xx_ll_usb.o
                0x08004066                USB_ReadDevOutEPInterrupt
 .text.USB_ReadDevInEPInterrupt
                0x080040a2       0x5c ./Drivers/STM32F4xx_HAL_Driver/Src/stm32f4xx_ll_usb.o
                0x080040a2                USB_ReadDevInEPInterrupt
 .text.USB_GetMode
                0x080040fe       0x1c ./Drivers/STM32F4xx_HAL_Driver/Src/stm32f4xx_ll_usb.o
                0x080040fe                USB_GetMode
 .text.USB_ActivateSetup
                0x0800411a       0x46 ./Drivers/STM32F4xx_HAL_Driver/Src/stm32f4xx_ll_usb.o
                0x0800411a                USB_ActivateSetup
 .text.USB_EP0_OutStart
                0x08004160       0xbc ./Drivers/STM32F4xx_HAL_Driver/Src/stm32f4xx_ll_usb.o
                0x08004160                USB_EP0_OutStart
 .text.USB_CoreReset
                0x0800421c       0x70 ./Drivers/STM32F4xx_HAL_Driver/Src/stm32f4xx_ll_usb.o
 .text.USBD_CDC_Init
                0x0800428c      0x1f0 ./Middlewares/ST/STM32_USB_Device_Library/Class/CDC/Src/usbd_cdc.o
 .text.USBD_CDC_DeInit
                0x0800447c      0x104 ./Middlewares/ST/STM32_USB_Device_Library/Class/CDC/Src/usbd_cdc.o
 .text.USBD_CDC_Setup
                0x08004580      0x1b8 ./Middlewares/ST/STM32_USB_Device_Library/Class/CDC/Src/usbd_cdc.o
 .text.USBD_CDC_DataIn
                0x08004738       0xfe ./Middlewares/ST/STM32_USB_Device_Library/Class/CDC/Src/usbd_cdc.o
 .text.USBD_CDC_DataOut
                0x08004836       0x70 ./Middlewares/ST/STM32_USB_Device_Library/Class/CDC/Src/usbd_cdc.o
 .text.USBD_CDC_EP0_RxReady
                0x080048a6       0x74 ./Middlewares/ST/STM32_USB_Device_Library/Class/CDC/Src/usbd_cdc.o
 *fill*         0x0800491a        0x2 
 .text.USBD_CDC_GetFSCfgDesc
                0x0800491c       0x70 ./Middlewares/ST/STM32_USB_Device_Library/Class/CDC/Src/usbd_cdc.o
 .text.USBD_CDC_GetHSCfgDesc
                0x0800498c       0x70 ./Middlewares/ST/STM32_USB_Device_Library/Class/CDC/Src/usbd_cdc.o
 .text.USBD_CDC_GetOtherSpeedCfgDesc
                0x080049fc       0x70 ./Middlewares/ST/STM32_USB_Device_Library/Class/CDC/Src/usbd_cdc.o
 .text.USBD_CDC_GetDeviceQualifierDescriptor
                0x08004a6c       0x20 ./Middlewares/ST/STM32_USB_Device_Library/Class/CDC/Src/usbd_cdc.o
                0x08004a6c                USBD_CDC_GetDeviceQualifierDescriptor
 .text.USBD_CDC_RegisterInterface
                0x08004a8c       0x34 ./Middlewares/ST/STM32_USB_Device_Library/Class/CDC/Src/usbd_cdc.o
                0x08004a8c                USBD_CDC_RegisterInterface
 .text.USBD_CDC_SetTxBuffer
                0x08004ac0       0x44 ./Middlewares/ST/STM32_USB_Device_Library/Class/CDC/Src/usbd_cdc.o
                0x08004ac0                USBD_CDC_SetTxBuffer
 .text.USBD_CDC_SetRxBuffer
                0x08004b04       0x3a ./Middlewares/ST/STM32_USB_Device_Library/Class/CDC/Src/usbd_cdc.o
                0x08004b04                USBD_CDC_SetRxBuffer
 *fill*         0x08004b3e        0x2 
 .text.USBD_CDC_TransmitPacket
                0x08004b40       0x80 ./Middlewares/ST/STM32_USB_Device_Library/Class/CDC/Src/usbd_cdc.o
                0x08004b40                USBD_CDC_TransmitPacket
 .text.USBD_CDC_ReceivePacket
                0x08004bc0       0x6c ./Middlewares/ST/STM32_USB_Device_Library/Class/CDC/Src/usbd_cdc.o
                0x08004bc0                USBD_CDC_ReceivePacket
 .text.USBD_Init
                0x08004c2c       0x60 ./Middlewares/ST/STM32_USB_Device_Library/Core/Src/usbd_core.o
                0x08004c2c                USBD_Init
 .text.USBD_RegisterClass
                0x08004c8c       0x6c ./Middlewares/ST/STM32_USB_Device_Library/Core/Src/usbd_core.o
                0x08004c8c                USBD_RegisterClass
 .text.USBD_Start
                0x08004cf8       0x18 ./Middlewares/ST/STM32_USB_Device_Library/Core/Src/usbd_core.o
                0x08004cf8                USBD_Start
 .text.USBD_RunTestMode
                0x08004d10       0x16 ./Middlewares/ST/STM32_USB_Device_Library/Core/Src/usbd_core.o
                0x08004d10                USBD_RunTestMode
 .text.USBD_SetClassConfig
                0x08004d26       0x38 ./Middlewares/ST/STM32_USB_Device_Library/Core/Src/usbd_core.o
                0x08004d26                USBD_SetClassConfig
 .text.USBD_ClrClassConfig
                0x08004d5e       0x34 ./Middlewares/ST/STM32_USB_Device_Library/Core/Src/usbd_core.o
                0x08004d5e                USBD_ClrClassConfig
 .text.USBD_LL_SetupStage
                0x08004d92       0xaa ./Middlewares/ST/STM32_USB_Device_Library/Core/Src/usbd_core.o
                0x08004d92                USBD_LL_SetupStage
 .text.USBD_LL_DataOutStage
                0x08004e3c      0x178 ./Middlewares/ST/STM32_USB_Device_Library/Core/Src/usbd_core.o
                0x08004e3c                USBD_LL_DataOutStage
 .text.USBD_LL_DataInStage
                0x08004fb4      0x176 ./Middlewares/ST/STM32_USB_Device_Library/Core/Src/usbd_core.o
                0x08004fb4                USBD_LL_DataInStage
 .text.USBD_LL_Reset
                0x0800512a       0xa6 ./Middlewares/ST/STM32_USB_Device_Library/Core/Src/usbd_core.o
                0x0800512a                USBD_LL_Reset
 .text.USBD_LL_SetSpeed
                0x080051d0       0x20 ./Middlewares/ST/STM32_USB_Device_Library/Core/Src/usbd_core.o
                0x080051d0                USBD_LL_SetSpeed
 .text.USBD_LL_Suspend
                0x080051f0       0x38 ./Middlewares/ST/STM32_USB_Device_Library/Core/Src/usbd_core.o
                0x080051f0                USBD_LL_Suspend
 .text.USBD_LL_Resume
                0x08005228       0x30 ./Middlewares/ST/STM32_USB_Device_Library/Core/Src/usbd_core.o
                0x08005228                USBD_LL_Resume
 .text.USBD_LL_SOF
                0x08005258       0x40 ./Middlewares/ST/STM32_USB_Device_Library/Core/Src/usbd_core.o
                0x08005258                USBD_LL_SOF
 .text.USBD_LL_IsoINIncomplete
                0x08005298       0x64 ./Middlewares/ST/STM32_USB_Device_Library/Core/Src/usbd_core.o
                0x08005298                USBD_LL_IsoINIncomplete
 .text.USBD_LL_IsoOUTIncomplete
                0x080052fc       0x64 ./Middlewares/ST/STM32_USB_Device_Library/Core/Src/usbd_core.o
                0x080052fc                USBD_LL_IsoOUTIncomplete
 .text.USBD_LL_DevConnected
                0x08005360       0x16 ./Middlewares/ST/STM32_USB_Device_Library/Core/Src/usbd_core.o
                0x08005360                USBD_LL_DevConnected
 .text.USBD_LL_DevDisconnected
                0x08005376       0x46 ./Middlewares/ST/STM32_USB_Device_Library/Core/Src/usbd_core.o
                0x08005376                USBD_LL_DevDisconnected
 .text.USBD_CoreFindIF
                0x080053bc       0x1a ./Middlewares/ST/STM32_USB_Device_Library/Core/Src/usbd_core.o
                0x080053bc                USBD_CoreFindIF
 .text.USBD_CoreFindEP
                0x080053d6       0x1a ./Middlewares/ST/STM32_USB_Device_Library/Core/Src/usbd_core.o
                0x080053d6                USBD_CoreFindEP
 .text.USBD_GetEpDesc
                0x080053f0       0x70 ./Middlewares/ST/STM32_USB_Device_Library/Core/Src/usbd_core.o
                0x080053f0                USBD_GetEpDesc
 .text.USBD_GetNextDesc
                0x08005460       0x38 ./Middlewares/ST/STM32_USB_Device_Library/Core/Src/usbd_core.o
                0x08005460                USBD_GetNextDesc
 .text.SWAPBYTE
                0x08005498       0x3e ./Middlewares/ST/STM32_USB_Device_Library/Core/Src/usbd_ctlreq.o
 *fill*         0x080054d6        0x2 
 .text.USBD_StdDevReq
                0x080054d8       0xe4 ./Middlewares/ST/STM32_USB_Device_Library/Core/Src/usbd_ctlreq.o
                0x080054d8                USBD_StdDevReq
 .text.USBD_StdItfReq
                0x080055bc       0xd8 ./Middlewares/ST/STM32_USB_Device_Library/Core/Src/usbd_ctlreq.o
                0x080055bc                USBD_StdItfReq
 .text.USBD_StdEPReq
                0x08005694      0x33e ./Middlewares/ST/STM32_USB_Device_Library/Core/Src/usbd_ctlreq.o
                0x08005694                USBD_StdEPReq
 *fill*         0x080059d2        0x2 
 .text.USBD_GetDescriptor
                0x080059d4      0x2d4 ./Middlewares/ST/STM32_USB_Device_Library/Core/Src/usbd_ctlreq.o
 .text.USBD_SetAddress
                0x08005ca8       0x88 ./Middlewares/ST/STM32_USB_Device_Library/Core/Src/usbd_ctlreq.o
 .text.USBD_SetConfig
                0x08005d30      0x154 ./Middlewares/ST/STM32_USB_Device_Library/Core/Src/usbd_ctlreq.o
 .text.USBD_GetConfig
                0x08005e84       0x6c ./Middlewares/ST/STM32_USB_Device_Library/Core/Src/usbd_ctlreq.o
 .text.USBD_GetStatus
                0x08005ef0       0x68 ./Middlewares/ST/STM32_USB_Device_Library/Core/Src/usbd_ctlreq.o
 .text.USBD_SetFeature
                0x08005f58       0x52 ./Middlewares/ST/STM32_USB_Device_Library/Core/Src/usbd_ctlreq.o
 .text.USBD_ClrFeature
                0x08005faa       0x44 ./Middlewares/ST/STM32_USB_Device_Library/Core/Src/usbd_ctlreq.o
 .text.USBD_ParseSetupRequest
                0x08005fee       0x74 ./Middlewares/ST/STM32_USB_Device_Library/Core/Src/usbd_ctlreq.o
                0x08005fee                USBD_ParseSetupRequest
 .text.USBD_CtlError
                0x08006062       0x22 ./Middlewares/ST/STM32_USB_Device_Library/Core/Src/usbd_ctlreq.o
                0x08006062                USBD_CtlError
 .text.USBD_GetString
                0x08006084       0xa4 ./Middlewares/ST/STM32_USB_Device_Library/Core/Src/usbd_ctlreq.o
                0x08006084                USBD_GetString
 .text.USBD_GetLen
                0x08006128       0x34 ./Middlewares/ST/STM32_USB_Device_Library/Core/Src/usbd_ctlreq.o
 .text.USBD_CtlSendData
                0x0800615c       0x3c ./Middlewares/ST/STM32_USB_Device_Library/Core/Src/usbd_ioreq.o
                0x0800615c                USBD_CtlSendData
 .text.USBD_CtlContinueSendData
                0x08006198       0x22 ./Middlewares/ST/STM32_USB_Device_Library/Core/Src/usbd_ioreq.o
                0x08006198                USBD_CtlContinueSendData
 .text.USBD_CtlPrepareRx
                0x080061ba       0x42 ./Middlewares/ST/STM32_USB_Device_Library/Core/Src/usbd_ioreq.o
                0x080061ba                USBD_CtlPrepareRx
 .text.USBD_CtlContinueRx
                0x080061fc       0x22 ./Middlewares/ST/STM32_USB_Device_Library/Core/Src/usbd_ioreq.o
                0x080061fc                USBD_CtlContinueRx
 .text.USBD_CtlSendStatus
                0x0800621e       0x26 ./Middlewares/ST/STM32_USB_Device_Library/Core/Src/usbd_ioreq.o
                0x0800621e                USBD_CtlSendStatus
 .text.USBD_CtlReceiveStatus
                0x08006244       0x26 ./Middlewares/ST/STM32_USB_Device_Library/Core/Src/usbd_ioreq.o
                0x08006244                USBD_CtlReceiveStatus
 *fill*         0x0800626a        0x2 
 .text.MX_USB_DEVICE_Init
                0x0800626c       0x60 ./USB_DEVICE/App/usb_device.o
                0x0800626c                MX_USB_DEVICE_Init
 .text.CDC_Init_FS
                0x080062cc       0x28 ./USB_DEVICE/App/usbd_cdc_if.o
 .text.CDC_DeInit_FS
                0x080062f4       0x10 ./USB_DEVICE/App/usbd_cdc_if.o
 .text.CDC_Control_FS
                0x08006304      0x15c ./USB_DEVICE/App/usbd_cdc_if.o
 .text.CDC_Receive_FS
                0x08006460       0x34 ./USB_DEVICE/App/usbd_cdc_if.o
 .text.CDC_Transmit_FS
                0x08006494       0x4c ./USB_DEVICE/App/usbd_cdc_if.o
                0x08006494                CDC_Transmit_FS
 .text.CDC_TransmitCplt_FS
                0x080064e0       0x22 ./USB_DEVICE/App/usbd_cdc_if.o
 *fill*         0x08006502        0x2 
 .text.USBD_FS_DeviceDescriptor
                0x08006504       0x24 ./USB_DEVICE/App/usbd_desc.o
                0x08006504                USBD_FS_DeviceDescriptor
 .text.USBD_FS_LangIDStrDescriptor
                0x08006528       0x24 ./USB_DEVICE/App/usbd_desc.o
                0x08006528                USBD_FS_LangIDStrDescriptor
 .text.USBD_FS_ProductStrDescriptor
                0x0800654c       0x3c ./USB_DEVICE/App/usbd_desc.o
                0x0800654c                USBD_FS_ProductStrDescriptor
 .text.USBD_FS_ManufacturerStrDescriptor
                0x08006588       0x28 ./USB_DEVICE/App/usbd_desc.o
                0x08006588                USBD_FS_ManufacturerStrDescriptor
 .text.USBD_FS_SerialStrDescriptor
                0x080065b0       0x24 ./USB_DEVICE/App/usbd_desc.o
                0x080065b0                USBD_FS_SerialStrDescriptor
 .text.USBD_FS_ConfigStrDescriptor
                0x080065d4       0x3c ./USB_DEVICE/App/usbd_desc.o
                0x080065d4                USBD_FS_ConfigStrDescriptor
 .text.USBD_FS_InterfaceStrDescriptor
                0x08006610       0x3c ./USB_DEVICE/App/usbd_desc.o
                0x08006610                USBD_FS_InterfaceStrDescriptor
 .text.Get_SerialNum
                0x0800664c       0x58 ./USB_DEVICE/App/usbd_desc.o
 .text.IntToUnicode
                0x080066a4       0x7e ./USB_DEVICE/App/usbd_desc.o
 *fill*         0x08006722        0x2 
 .text.HAL_PCD_MspInit
                0x08006724       0xc4 ./USB_DEVICE/Target/usbd_conf.o
                0x08006724                HAL_PCD_MspInit
 .text.HAL_PCD_SetupStageCallback
                0x080067e8       0x24 ./USB_DEVICE/Target/usbd_conf.o
                0x080067e8                HAL_PCD_SetupStageCallback
 .text.HAL_PCD_DataOutStageCallback
                0x0800680c       0x36 ./USB_DEVICE/Target/usbd_conf.o
                0x0800680c                HAL_PCD_DataOutStageCallback
 .text.HAL_PCD_DataInStageCallback
                0x08006842       0x34 ./USB_DEVICE/Target/usbd_conf.o
                0x08006842                HAL_PCD_DataInStageCallback
 .text.HAL_PCD_SOFCallback
                0x08006876       0x1c ./USB_DEVICE/Target/usbd_conf.o
                0x08006876                HAL_PCD_SOFCallback
 .text.HAL_PCD_ResetCallback
                0x08006892       0x50 ./USB_DEVICE/Target/usbd_conf.o
                0x08006892                HAL_PCD_ResetCallback
 *fill*         0x080068e2        0x2 
 .text.HAL_PCD_SuspendCallback
                0x080068e4       0x4c ./USB_DEVICE/Target/usbd_conf.o
                0x080068e4                HAL_PCD_SuspendCallback
 .text.HAL_PCD_ResumeCallback
                0x08006930       0x1c ./USB_DEVICE/Target/usbd_conf.o
                0x08006930                HAL_PCD_ResumeCallback
 .text.HAL_PCD_ISOOUTIncompleteCallback
                0x0800694c       0x24 ./USB_DEVICE/Target/usbd_conf.o
                0x0800694c                HAL_PCD_ISOOUTIncompleteCallback
 .text.HAL_PCD_ISOINIncompleteCallback
                0x08006970       0x24 ./USB_DEVICE/Target/usbd_conf.o
                0x08006970                HAL_PCD_ISOINIncompleteCallback
 .text.HAL_PCD_ConnectCallback
                0x08006994       0x1c ./USB_DEVICE/Target/usbd_conf.o
                0x08006994                HAL_PCD_ConnectCallback
 .text.HAL_PCD_DisconnectCallback
                0x080069b0       0x1c ./USB_DEVICE/Target/usbd_conf.o
                0x080069b0                HAL_PCD_DisconnectCallback
 .text.USBD_LL_Init
                0x080069cc       0x98 ./USB_DEVICE/Target/usbd_conf.o
                0x080069cc                USBD_LL_Init
 .text.USBD_LL_Start
                0x08006a64       0x36 ./USB_DEVICE/Target/usbd_conf.o
                0x08006a64                USBD_LL_Start
 .text.USBD_LL_OpenEP
                0x08006a9a       0x4c ./USB_DEVICE/Target/usbd_conf.o
                0x08006a9a                USBD_LL_OpenEP
 .text.USBD_LL_CloseEP
                0x08006ae6       0x3e ./USB_DEVICE/Target/usbd_conf.o
                0x08006ae6                USBD_LL_CloseEP
 .text.USBD_LL_StallEP
                0x08006b24       0x3e ./USB_DEVICE/Target/usbd_conf.o
                0x08006b24                USBD_LL_StallEP
 .text.USBD_LL_ClearStallEP
                0x08006b62       0x3e ./USB_DEVICE/Target/usbd_conf.o
                0x08006b62                USBD_LL_ClearStallEP
 .text.USBD_LL_IsStallEP
                0x08006ba0       0x58 ./USB_DEVICE/Target/usbd_conf.o
                0x08006ba0                USBD_LL_IsStallEP
 .text.USBD_LL_SetUSBAddress
                0x08006bf8       0x3e ./USB_DEVICE/Target/usbd_conf.o
                0x08006bf8                USBD_LL_SetUSBAddress
 .text.USBD_LL_Transmit
                0x08006c36       0x42 ./USB_DEVICE/Target/usbd_conf.o
                0x08006c36                USBD_LL_Transmit
 .text.USBD_LL_PrepareReceive
                0x08006c78       0x42 ./USB_DEVICE/Target/usbd_conf.o
                0x08006c78                USBD_LL_PrepareReceive
 .text.USBD_LL_GetRxDataSize
                0x08006cba       0x26 ./USB_DEVICE/Target/usbd_conf.o
                0x08006cba                USBD_LL_GetRxDataSize
 .text.USBD_static_malloc
                0x08006ce0       0x1c ./USB_DEVICE/Target/usbd_conf.o
                0x08006ce0                USBD_static_malloc
 .text.USBD_static_free
                0x08006cfc       0x14 ./USB_DEVICE/Target/usbd_conf.o
                0x08006cfc                USBD_static_free
 .text.USBD_Get_USB_Status
                0x08006d10       0x58 ./USB_DEVICE/Target/usbd_conf.o
                0x08006d10                USBD_Get_USB_Status
 .text.memset   0x08006d68       0x10 /opt/st/stm32cubeide_2.1.0/plugins/com.st.stm32cube.ide.mcu.externaltools.gnu-tools-for-stm32.14.3.rel1.linux64_1.0.100.202602081740/tools/bin/../lib/gcc/arm-none-eabi/14.3.1/../../../../arm-none-eabi/lib/thumb/v7e-m+fp/hard/libc_nano.a(libc_a-memset.o)
                0x08006d68                memset
 .text.__libc_init_array
                0x08006d78       0x48 /opt/st/stm32cubeide_2.1.0/plugins/com.st.stm32cube.ide.mcu.externaltools.gnu-tools-for-stm32.14.3.rel1.linux64_1.0.100.202602081740/tools/bin/../lib/gcc/arm-none-eabi/14.3.1/../../../../arm-none-eabi/lib/thumb/v7e-m+fp/hard/libc_nano.a(libc_a-init.o)
                0x08006d78                __libc_init_array
 *(.glue_7)
 .glue_7        0x08006dc0        0x0 linker stubs
 *(.glue_7t)
 .glue_7t       0x08006dc0        0x0 linker stubs
 *(.eh_frame)
 .eh_frame      0x08006dc0        0x0 /opt/st/stm32cubeide_2.1.0/plugins/com.st.stm32cube.ide.mcu.externaltools.gnu-tools-for-stm32.14.3.rel1.linux64_1.0.100.202602081740/tools/bin/../lib/gcc/arm-none-eabi/14.3.1/thumb/v7e-m+fp/hard/crtbegin.o
 *(.init)
 .init          0x08006dc0        0x4 /opt/st/stm32cubeide_2.1.0/plugins/com.st.stm32cube.ide.mcu.externaltools.gnu-tools-for-stm32.14.3.rel1.linux64_1.0.100.202602081740/tools/bin/../lib/gcc/arm-none-eabi/14.3.1/thumb/v7e-m+fp/hard/crti.o
                0x08006dc0                _init
 .init          0x08006dc4        0x8 /opt/st/stm32cubeide_2.1.0/plugins/com.st.stm32cube.ide.mcu.externaltools.gnu-tools-for-stm32.14.3.rel1.linux64_1.0.100.202602081740/tools/bin/../lib/gcc/arm-none-eabi/14.3.1/thumb/v7e-m+fp/hard/crtn.o
 *(.fini)
 .fini          0x08006dcc        0x4 /opt/st/stm32cubeide_2.1.0/plugins/com.st.stm32cube.ide.mcu.externaltools.gnu-tools-for-stm32.14.3.rel1.linux64_1.0.100.202602081740/tools/bin/../lib/gcc/arm-none-eabi/14.3.1/thumb/v7e-m+fp/hard/crti.o
                0x08006dcc                _fini
 .fini          0x08006dd0        0x8 /opt/st/stm32cubeide_2.1.0/plugins/com.st.stm32cube.ide.mcu.externaltools.gnu-tools-for-stm32.14.3.rel1.linux64_1.0.100.202602081740/tools/bin/../lib/gcc/arm-none-eabi/14.3.1/thumb/v7e-m+fp/hard/crtn.o
                0x08006dd8                        . = ALIGN (0x4)
                0x08006dd8                        _etext = .

.vfp11_veneer   0x08006dd8        0x0
 .vfp11_veneer  0x08006dd8        0x0 linker stubs

.v4_bx          0x08006dd8        0x0
 .v4_bx         0x08006dd8        0x0 linker stubs

.iplt           0x08006dd8        0x0
 .iplt          0x08006dd8        0x0 /opt/st/stm32cubeide_2.1.0/plugins/com.st.stm32cube.ide.mcu.externaltools.gnu-tools-for-stm32.14.3.rel1.linux64_1.0.100.202602081740/tools/bin/../lib/gcc/arm-none-eabi/14.3.1/thumb/v7e-m+fp/hard/crtbegin.o

.rodata         0x08006dd8       0x7c
                0x08006dd8                        . = ALIGN (0x4)
 *(.rodata)
 .rodata        0x08006dd8       0x21 ./Core/Src/main.o
 *fill*         0x08006df9        0x3 
 .rodata        0x08006dfc       0x46 ./USB_DEVICE/App/usbd_desc.o
 *(.rodata*)
 *fill*         0x08006e42        0x2 
 .rodata.AHBPrescTable
                0x08006e44       0x10 ./Core/Src/system_stm32f4xx.o
                0x08006e44                AHBPrescTable
                0x08006e54                        . = ALIGN (0x4)

.ARM.extab      0x08006e54        0x0
                0x08006e54                        . = ALIGN (0x4)
 *(.ARM.extab* .gnu.linkonce.armextab.*)
                0x08006e54                        . = ALIGN (0x4)

.ARM            0x08006e54        0x8
                0x08006e54                        . = ALIGN (0x4)
                0x08006e54                        __exidx_start = .
 *(.ARM.exidx*)
 .ARM.exidx     0x08006e54        0x8 /opt/st/stm32cubeide_2.1.0/plugins/com.st.stm32cube.ide.mcu.externaltools.gnu-tools-for-stm32.14.3.rel1.linux64_1.0.100.202602081740/tools/bin/../lib/gcc/arm-none-eabi/14.3.1/../../../../arm-none-eabi/lib/thumb/v7e-m+fp/hard/libc_nano.a(libc_a-strlen.o)
 .ARM.exidx     0x08006e5c        0x0 /opt/st/stm32cubeide_2.1.0/plugins/com.st.stm32cube.ide.mcu.externaltools.gnu-tools-for-stm32.14.3.rel1.linux64_1.0.100.202602081740/tools/bin/../lib/gcc/arm-none-eabi/14.3.1/thumb/v7e-m+fp/hard/libgcc.a(_udivmoddi4.o)
                                  0x8 (size before relaxing)
                0x08006e5c                        __exidx_end = .
                0x08006e5c                        . = ALIGN (0x4)

.preinit_array  0x08006e5c        0x0
                0x08006e5c                        . = ALIGN (0x4)
                0x08006e5c                        PROVIDE (__preinit_array_start = .)
 *(.preinit_array*)
                0x08006e5c                        PROVIDE (__preinit_array_end = .)
                0x08006e5c                        . = ALIGN (0x4)

.init_array     0x08006e5c        0x4
                0x08006e5c                        . = ALIGN (0x4)
                0x08006e5c                        PROVIDE (__init_array_start = .)
 *(SORT_BY_NAME(.init_array.*))
 *(.init_array*)
 .init_array    0x08006e5c        0x4 /opt/st/stm32cubeide_2.1.0/plugins/com.st.stm32cube.ide.mcu.externaltools.gnu-tools-for-stm32.14.3.rel1.linux64_1.0.100.202602081740/tools/bin/../lib/gcc/arm-none-eabi/14.3.1/thumb/v7e-m+fp/hard/crtbegin.o
                0x08006e60                        PROVIDE (__init_array_end = .)
                0x08006e60                        . = ALIGN (0x4)

.fini_array     0x08006e60        0x4
                0x08006e60                        . = ALIGN (0x4)
                [!provide]                        PROVIDE (__fini_array_start = .)
 *(SORT_BY_NAME(.fini_array.*))
 *(.fini_array*)
 .fini_array    0x08006e60        0x4 /opt/st/stm32cubeide_2.1.0/plugins/com.st.stm32cube.ide.mcu.externaltools.gnu-tools-for-stm32.14.3.rel1.linux64_1.0.100.202602081740/tools/bin/../lib/gcc/arm-none-eabi/14.3.1/thumb/v7e-m+fp/hard/crtbegin.o
                [!provide]                        PROVIDE (__fini_array_end = .)
                0x08006e64                        . = ALIGN (0x4)
                0x08006e64                        _sidata = LOADADDR (.data)

.rel.dyn        0x08006e64        0x0
 .rel.iplt      0x08006e64        0x0 /opt/st/stm32cubeide_2.1.0/plugins/com.st.stm32cube.ide.mcu.externaltools.gnu-tools-for-stm32.14.3.rel1.linux64_1.0.100.202602081740/tools/bin/../lib/gcc/arm-none-eabi/14.3.1/thumb/v7e-m+fp/hard/crtbegin.o

.data           0x20000000       0xfc load address 0x08006e64
                0x20000000                        . = ALIGN (0x4)
                0x20000000                        _sdata = .
 *(.data)
 *(.data*)
 .data.SystemCoreClock
                0x20000000        0x4 ./Core/Src/system_stm32f4xx.o
                0x20000000                SystemCoreClock
 .data.uwTickPrio
                0x20000004        0x4 ./Drivers/STM32F4xx_HAL_Driver/Src/stm32f4xx_hal.o
                0x20000004                uwTickPrio
 .data.uwTickFreq
                0x20000008        0x1 ./Drivers/STM32F4xx_HAL_Driver/Src/stm32f4xx_hal.o
                0x20000008                uwTickFreq
 *fill*         0x20000009        0x3 
 .data.USBD_CDC_DeviceQualifierDesc
                0x2000000c        0xa ./Middlewares/ST/STM32_USB_Device_Library/Class/CDC/Src/usbd_cdc.o
 *fill*         0x20000016        0x2 
 .data.USBD_CDC
                0x20000018       0x38 ./Middlewares/ST/STM32_USB_Device_Library/Class/CDC/Src/usbd_cdc.o
                0x20000018                USBD_CDC
 .data.USBD_CDC_CfgDesc
                0x20000050       0x43 ./Middlewares/ST/STM32_USB_Device_Library/Class/CDC/Src/usbd_cdc.o
 .data.CDCInEpAdd
                0x20000093        0x1 ./Middlewares/ST/STM32_USB_Device_Library/Class/CDC/Src/usbd_cdc.o
 .data.CDCOutEpAdd
                0x20000094        0x1 ./Middlewares/ST/STM32_USB_Device_Library/Class/CDC/Src/usbd_cdc.o
 .data.CDCCmdEpAdd
                0x20000095        0x1 ./Middlewares/ST/STM32_USB_Device_Library/Class/CDC/Src/usbd_cdc.o
 *fill*         0x20000096        0x2 
 .data.USBD_Interface_fops_FS
                0x20000098       0x14 ./USB_DEVICE/App/usbd_cdc_if.o
                0x20000098                USBD_Interface_fops_FS
 .data.FS_Desc  0x200000ac       0x1c ./USB_DEVICE/App/usbd_desc.o
                0x200000ac                FS_Desc
 .data.USBD_FS_DeviceDesc
                0x200000c8       0x12 ./USB_DEVICE/App/usbd_desc.o
                0x200000c8                USBD_FS_DeviceDesc
 *fill*         0x200000da        0x2 
 .data.USBD_LangIDDesc
                0x200000dc        0x4 ./USB_DEVICE/App/usbd_desc.o
                0x200000dc                USBD_LangIDDesc
 .data.USBD_StringSerial
                0x200000e0       0x1a ./USB_DEVICE/App/usbd_desc.o
                0x200000e0                USBD_StringSerial
 *(.RamFunc)
 *(.RamFunc*)
                0x200000fc                        . = ALIGN (0x4)
 *fill*         0x200000fa        0x2 
                0x200000fc                        _edata = .
                0x08006f60                        _siccmram = LOADADDR (.ccmram)

.igot.plt       0x200000fc        0x0 load address 0x08006f60
 .igot.plt      0x200000fc        0x0 /opt/st/stm32cubeide_2.1.0/plugins/com.st.stm32cube.ide.mcu.externaltools.gnu-tools-for-stm32.14.3.rel1.linux64_1.0.100.202602081740/tools/bin/../lib/gcc/arm-none-eabi/14.3.1/thumb/v7e-m+fp/hard/crtbegin.o

.ccmram         0x10000000        0x0 load address 0x08006f60
                0x10000000                        . = ALIGN (0x4)
                0x10000000                        _sccmram = .
 *(.ccmram)
 *(.ccmram*)
                0x10000000                        . = ALIGN (0x4)
                0x10000000                        _eccmram = .
                0x10000000                        . = ALIGN (0x4)

.bss            0x200000fc     0x1c0c
                0x200000fc                        _sbss = .
                0x200000fc                        __bss_start__ = _sbss
 *(.bss)
 .bss           0x200000fc       0x1c /opt/st/stm32cubeide_2.1.0/plugins/com.st.stm32cube.ide.mcu.externaltools.gnu-tools-for-stm32.14.3.rel1.linux64_1.0.100.202602081740/tools/bin/../lib/gcc/arm-none-eabi/14.3.1/thumb/v7e-m+fp/hard/crtbegin.o
 *(.bss*)
 .bss.uwTick    0x20000118        0x4 ./Drivers/STM32F4xx_HAL_Driver/Src/stm32f4xx_hal.o
                0x20000118                uwTick
 .bss.cfgidx.0  0x2000011c        0x1 ./Middlewares/ST/STM32_USB_Device_Library/Core/Src/usbd_ctlreq.o
 *fill*         0x2000011d        0x3 
 .bss.hUsbDeviceFS
                0x20000120      0x2dc ./USB_DEVICE/App/usb_device.o
                0x20000120                hUsbDeviceFS
 .bss.LineCoding
                0x200003fc        0x8 ./USB_DEVICE/App/usbd_cdc_if.o
                0x200003fc                LineCoding
 .bss.UserRxBufferFS
                0x20000404      0x800 ./USB_DEVICE/App/usbd_cdc_if.o
                0x20000404                UserRxBufferFS
 .bss.UserTxBufferFS
                0x20000c04      0x800 ./USB_DEVICE/App/usbd_cdc_if.o
                0x20000c04                UserTxBufferFS
 .bss.USBD_StrDesc
                0x20001404      0x200 ./USB_DEVICE/App/usbd_desc.o
                0x20001404                USBD_StrDesc
 .bss.hpcd_USB_OTG_FS
                0x20001604      0x4e4 ./USB_DEVICE/Target/usbd_conf.o
                0x20001604                hpcd_USB_OTG_FS
 .bss.mem.0     0x20001ae8      0x220 ./USB_DEVICE/Target/usbd_conf.o
 *(COMMON)
                0x20001d08                        . = ALIGN (0x4)
                0x20001d08                        _ebss = .
                0x20001d08                        __bss_end__ = _ebss

._user_heap_stack
                0x20001d08      0xc00
                0x20001d08                        . = ALIGN (0x8)
                [!provide]                        PROVIDE (end = .)
                0x20001d08                        PROVIDE (_end = .)
                0x20002508                        . = (. + _Min_Heap_Size)
 *fill*         0x20001d08      0x800 
                0x20002908                        . = (. + _Min_Stack_Size)
 *fill*         0x20002508      0x400 
                0x20002908                        . = ALIGN (0x8)

/DISCARD/
 libc.a(*)
 libm.a(*)
 libgcc.a(*)

.ARM.attributes
                0x00000000       0x30
 *(.ARM.attributes)
 .ARM.attributes
                0x00000000       0x22 /opt/st/stm32cubeide_2.1.0/plugins/com.st.stm32cube.ide.mcu.externaltools.gnu-tools-for-stm32.14.3.rel1.linux64_1.0.100.202602081740/tools/bin/../lib/gcc/arm-none-eabi/14.3.1/thumb/v7e-m+fp/hard/crti.o
 .ARM.attributes
                0x00000022       0x34 /opt/st/stm32cubeide_2.1.0/plugins/com.st.stm32cube.ide.mcu.externaltools.gnu-tools-for-stm32.14.3.rel1.linux64_1.0.100.202602081740/tools/bin/../lib/gcc/arm-none-eabi/14.3.1/thumb/v7e-m+fp/hard/crtbegin.o
 .ARM.attributes
                0x00000056       0x34 ./Core/Src/main.o
 .ARM.attributes
                0x0000008a       0x34 ./Core/Src/stm32f4xx_hal_msp.o
 .ARM.attributes
                0x000000be       0x34 ./Core/Src/stm32f4xx_it.o
 .ARM.attributes
                0x000000f2       0x34 ./Core/Src/system_stm32f4xx.o
 .ARM.attributes
                0x00000126       0x21 ./Core/Startup/startup_stm32f407vgtx.o
 .ARM.attributes
                0x00000147       0x34 ./Drivers/STM32F4xx_HAL_Driver/Src/stm32f4xx_hal.o
 .ARM.attributes
                0x0000017b       0x34 ./Drivers/STM32F4xx_HAL_Driver/Src/stm32f4xx_hal_cortex.o
 .ARM.attributes
                0x000001af       0x34 ./Drivers/STM32F4xx_HAL_Driver/Src/stm32f4xx_hal_gpio.o
 .ARM.attributes
                0x000001e3       0x34 ./Drivers/STM32F4xx_HAL_Driver/Src/stm32f4xx_hal_pcd.o
 .ARM.attributes
                0x00000217       0x34 ./Drivers/STM32F4xx_HAL_Driver/Src/stm32f4xx_hal_pcd_ex.o
 .ARM.attributes
                0x0000024b       0x34 ./Drivers/STM32F4xx_HAL_Driver/Src/stm32f4xx_hal_rcc.o
 .ARM.attributes
                0x0000027f       0x34 ./Drivers/STM32F4xx_HAL_Driver/Src/stm32f4xx_ll_usb.o
 .ARM.attributes
                0x000002b3       0x34 ./Middlewares/ST/STM32_USB_Device_Library/Class/CDC/Src/usbd_cdc.o
 .ARM.attributes
                0x000002e7       0x34 ./Middlewares/ST/STM32_USB_Device_Library/Core/Src/usbd_core.o
 .ARM.attributes
                0x0000031b       0x34 ./Middlewares/ST/STM32_USB_Device_Library/Core/Src/usbd_ctlreq.o
 .ARM.attributes
                0x0000034f       0x34 ./Middlewares/ST/STM32_USB_Device_Library/Core/Src/usbd_ioreq.o
 .ARM.attributes
                0x00000383       0x34 ./USB_DEVICE/App/usb_device.o
 .ARM.attributes
                0x000003b7       0x34 ./USB_DEVICE/App/usbd_cdc_if.o
 .ARM.attributes
                0x000003eb       0x34 ./USB_DEVICE/App/usbd_desc.o
 .ARM.attributes
                0x0000041f       0x34 ./USB_DEVICE/Target/usbd_conf.o
 .ARM.attributes
                0x00000453       0x34 /opt/st/stm32cubeide_2.1.0/plugins/com.st.stm32cube.ide.mcu.externaltools.gnu-tools-for-stm32.14.3.rel1.linux64_1.0.100.202602081740/tools/bin/../lib/gcc/arm-none-eabi/14.3.1/../../../../arm-none-eabi/lib/thumb/v7e-m+fp/hard/libc_nano.a(libc_a-memset.o)
 .ARM.attributes
                0x00000487       0x34 /opt/st/stm32cubeide_2.1.0/plugins/com.st.stm32cube.ide.mcu.externaltools.gnu-tools-for-stm32.14.3.rel1.linux64_1.0.100.202602081740/tools/bin/../lib/gcc/arm-none-eabi/14.3.1/../../../../arm-none-eabi/lib/thumb/v7e-m+fp/hard/libc_nano.a(libc_a-init.o)
 .ARM.attributes
                0x000004bb       0x17 /opt/st/stm32cubeide_2.1.0/plugins/com.st.stm32cube.ide.mcu.externaltools.gnu-tools-for-stm32.14.3.rel1.linux64_1.0.100.202602081740/tools/bin/../lib/gcc/arm-none-eabi/14.3.1/../../../../arm-none-eabi/lib/thumb/v7e-m+fp/hard/libc_nano.a(libc_a-strlen.o)
 .ARM.attributes
                0x000004d2       0x22 /opt/st/stm32cubeide_2.1.0/plugins/com.st.stm32cube.ide.mcu.externaltools.gnu-tools-for-stm32.14.3.rel1.linux64_1.0.100.202602081740/tools/bin/../lib/gcc/arm-none-eabi/14.3.1/thumb/v7e-m+fp/hard/libgcc.a(_aeabi_uldivmod.o)
 .ARM.attributes
                0x000004f4       0x34 /opt/st/stm32cubeide_2.1.0/plugins/com.st.stm32cube.ide.mcu.externaltools.gnu-tools-for-stm32.14.3.rel1.linux64_1.0.100.202602081740/tools/bin/../lib/gcc/arm-none-eabi/14.3.1/thumb/v7e-m+fp/hard/libgcc.a(_udivmoddi4.o)
 .ARM.attributes
                0x00000528       0x22 /opt/st/stm32cubeide_2.1.0/plugins/com.st.stm32cube.ide.mcu.externaltools.gnu-tools-for-stm32.14.3.rel1.linux64_1.0.100.202602081740/tools/bin/../lib/gcc/arm-none-eabi/14.3.1/thumb/v7e-m+fp/hard/libgcc.a(_dvmd_tls.o)
 .ARM.attributes
                0x0000054a       0x22 /opt/st/stm32cubeide_2.1.0/plugins/com.st.stm32cube.ide.mcu.externaltools.gnu-tools-for-stm32.14.3.rel1.linux64_1.0.100.202602081740/tools/bin/../lib/gcc/arm-none-eabi/14.3.1/thumb/v7e-m+fp/hard/crtn.o
OUTPUT(USB_CDC_Device.elf elf32-littlearm)
LOAD linker stubs
LOAD /opt/st/stm32cubeide_2.1.0/plugins/com.st.stm32cube.ide.mcu.externaltools.gnu-tools-for-stm32.14.3.rel1.linux64_1.0.100.202602081740/tools/bin/../lib/gcc/arm-none-eabi/14.3.1/../../../../arm-none-eabi/lib/thumb/v7e-m+fp/hard/libc.a
LOAD /opt/st/stm32cubeide_2.1.0/plugins/com.st.stm32cube.ide.mcu.externaltools.gnu-tools-for-stm32.14.3.rel1.linux64_1.0.100.202602081740/tools/bin/../lib/gcc/arm-none-eabi/14.3.1/../../../../arm-none-eabi/lib/thumb/v7e-m+fp/hard/libm.a
LOAD /opt/st/stm32cubeide_2.1.0/plugins/com.st.stm32cube.ide.mcu.externaltools.gnu-tools-for-stm32.14.3.rel1.linux64_1.0.100.202602081740/tools/bin/../lib/gcc/arm-none-eabi/14.3.1/thumb/v7e-m+fp/hard/libgcc.a

.debug_info     0x00000000     0xd466
 .debug_info    0x00000000      0x5f8 ./Core/Src/main.o
 .debug_info    0x000005f8      0x27c ./Core/Src/stm32f4xx_hal_msp.o
 .debug_info    0x00000874      0x627 ./Core/Src/stm32f4xx_it.o
 .debug_info    0x00000e9b      0x512 ./Core/Src/system_stm32f4xx.o
 .debug_info    0x000013ad       0x30 ./Core/Startup/startup_stm32f407vgtx.o
 .debug_info    0x000013dd      0x944 ./Drivers/STM32F4xx_HAL_Driver/Src/stm32f4xx_hal.o
 .debug_info    0x00001d21      0xd8c ./Drivers/STM32F4xx_HAL_Driver/Src/stm32f4xx_hal_cortex.o
 .debug_info    0x00002aad      0x6c3 ./Drivers/STM32F4xx_HAL_Driver/Src/stm32f4xx_hal_gpio.o
 .debug_info    0x00003170     0x156f ./Drivers/STM32F4xx_HAL_Driver/Src/stm32f4xx_hal_pcd.o
 .debug_info    0x000046df      0x6ea ./Drivers/STM32F4xx_HAL_Driver/Src/stm32f4xx_hal_pcd_ex.o
 .debug_info    0x00004dc9      0x8c3 ./Drivers/STM32F4xx_HAL_Driver/Src/stm32f4xx_hal_rcc.o
 .debug_info    0x0000568c     0x1993 ./Drivers/STM32F4xx_HAL_Driver/Src/stm32f4xx_ll_usb.o
 .debug_info    0x0000701f     0x12a5 ./Middlewares/ST/STM32_USB_Device_Library/Class/CDC/Src/usbd_cdc.o
 .debug_info    0x000082c4      0xe12 ./Middlewares/ST/STM32_USB_Device_Library/Core/Src/usbd_core.o
 .debug_info    0x000090d6      0xaeb ./Middlewares/ST/STM32_USB_Device_Library/Core/Src/usbd_ctlreq.o
 .debug_info    0x00009bc1      0x762 ./Middlewares/ST/STM32_USB_Device_Library/Core/Src/usbd_ioreq.o
 .debug_info    0x0000a323      0x70e ./USB_DEVICE/App/usb_device.o
 .debug_info    0x0000aa31      0x964 ./USB_DEVICE/App/usbd_cdc_if.o
 .debug_info    0x0000b395      0x458 ./USB_DEVICE/App/usbd_desc.o
 .debug_info    0x0000b7ed     0x1c79 ./USB_DEVICE/Target/usbd_conf.o

.debug_abbrev   0x00000000     0x29ed
 .debug_abbrev  0x00000000      0x25e ./Core/Src/main.o
 .debug_abbrev  0x0000025e       0xf4 ./Core/Src/stm32f4xx_hal_msp.o
 .debug_abbrev  0x00000352      0x1a4 ./Core/Src/stm32f4xx_it.o
 .debug_abbrev  0x000004f6      0x11a ./Core/Src/system_stm32f4xx.o
 .debug_abbrev  0x00000610       0x24 ./Core/Startup/startup_stm32f407vgtx.o
 .debug_abbrev  0x00000634      0x214 ./Drivers/STM32F4xx_HAL_Driver/Src/stm32f4xx_hal.o
 .debug_abbrev  0x00000848      0x31d ./Drivers/STM32F4xx_HAL_Driver/Src/stm32f4xx_hal_cortex.o
 .debug_abbrev  0x00000b65      0x1d4 ./Drivers/STM32F4xx_HAL_Driver/Src/stm32f4xx_hal_gpio.o
 .debug_abbrev  0x00000d39      0x2b9 ./Drivers/STM32F4xx_HAL_Driver/Src/stm32f4xx_hal_pcd.o
 .debug_abbrev  0x00000ff2      0x1da ./Drivers/STM32F4xx_HAL_Driver/Src/stm32f4xx_hal_pcd_ex.o
 .debug_abbrev  0x000011cc      0x2b7 ./Drivers/STM32F4xx_HAL_Driver/Src/stm32f4xx_hal_rcc.o
 .debug_abbrev  0x00001483      0x2b3 ./Drivers/STM32F4xx_HAL_Driver/Src/stm32f4xx_ll_usb.o
 .debug_abbrev  0x00001736      0x2d2 ./Middlewares/ST/STM32_USB_Device_Library/Class/CDC/Src/usbd_cdc.o
 .debug_abbrev  0x00001a08      0x27c ./Middlewares/ST/STM32_USB_Device_Library/Core/Src/usbd_core.o
 .debug_abbrev  0x00001c84      0x26f ./Middlewares/ST/STM32_USB_Device_Library/Core/Src/usbd_ctlreq.o
 .debug_abbrev  0x00001ef3      0x19a ./Middlewares/ST/STM32_USB_Device_Library/Core/Src/usbd_ioreq.o
 .debug_abbrev  0x0000208d      0x195 ./USB_DEVICE/App/usb_device.o
 .debug_abbrev  0x00002222      0x2ab ./USB_DEVICE/App/usbd_cdc_if.o
 .debug_abbrev  0x000024cd      0x1e1 ./USB_DEVICE/App/usbd_desc.o
 .debug_abbrev  0x000026ae      0x33f ./USB_DEVICE/Target/usbd_conf.o

.debug_aranges  0x00000000      0xb50
 .debug_aranges
                0x00000000       0x38 ./Core/Src/main.o
 .debug_aranges
                0x00000038       0x20 ./Core/Src/stm32f4xx_hal_msp.o
 .debug_aranges
                0x00000058       0x68 ./Core/Src/stm32f4xx_it.o
 .debug_aranges
                0x000000c0       0x28 ./Core/Src/system_stm32f4xx.o
 .debug_aranges
                0x000000e8       0x28 ./Core/Startup/startup_stm32f407vgtx.o
 .debug_aranges
                0x00000110       0xf0 ./Drivers/STM32F4xx_HAL_Driver/Src/stm32f4xx_hal.o
 .debug_aranges
                0x00000200      0x130 ./Drivers/STM32F4xx_HAL_Driver/Src/stm32f4xx_hal_cortex.o
 .debug_aranges
                0x00000330       0x58 ./Drivers/STM32F4xx_HAL_Driver/Src/stm32f4xx_hal_gpio.o
 .debug_aranges
                0x00000388      0x148 ./Drivers/STM32F4xx_HAL_Driver/Src/stm32f4xx_hal_pcd.o
 .debug_aranges
                0x000004d0       0x38 ./Drivers/STM32F4xx_HAL_Driver/Src/stm32f4xx_hal_pcd_ex.o
 .debug_aranges
                0x00000508       0x88 ./Drivers/STM32F4xx_HAL_Driver/Src/stm32f4xx_hal_rcc.o
 .debug_aranges
                0x00000590      0x1a0 ./Drivers/STM32F4xx_HAL_Driver/Src/stm32f4xx_ll_usb.o
 .debug_aranges
                0x00000730       0x90 ./Middlewares/ST/STM32_USB_Device_Library/Class/CDC/Src/usbd_cdc.o
 .debug_aranges
                0x000007c0       0xd8 ./Middlewares/ST/STM32_USB_Device_Library/Core/Src/usbd_core.o
 .debug_aranges
                0x00000898       0x90 ./Middlewares/ST/STM32_USB_Device_Library/Core/Src/usbd_ctlreq.o
 .debug_aranges
                0x00000928       0x50 ./Middlewares/ST/STM32_USB_Device_Library/Core/Src/usbd_ioreq.o
 .debug_aranges
                0x00000978       0x20 ./USB_DEVICE/App/usb_device.o
 .debug_aranges
                0x00000998       0x48 ./USB_DEVICE/App/usbd_cdc_if.o
 .debug_aranges
                0x000009e0       0x60 ./USB_DEVICE/App/usbd_desc.o
 .debug_aranges
                0x00000a40      0x110 ./USB_DEVICE/Target/usbd_conf.o

.debug_rnglists
                0x00000000      0x853
 .debug_rnglists
                0x00000000       0x26 ./Core/Src/main.o
 .debug_rnglists
                0x00000026       0x13 ./Core/Src/stm32f4xx_hal_msp.o
 .debug_rnglists
                0x00000039       0x49 ./Core/Src/stm32f4xx_it.o
 .debug_rnglists
                0x00000082       0x1a ./Core/Src/system_stm32f4xx.o
 .debug_rnglists
                0x0000009c       0x19 ./Core/Startup/startup_stm32f407vgtx.o
 .debug_rnglists
                0x000000b5       0xaf ./Drivers/STM32F4xx_HAL_Driver/Src/stm32f4xx_hal.o
 .debug_rnglists
                0x00000164       0xe0 ./Drivers/STM32F4xx_HAL_Driver/Src/stm32f4xx_hal_cortex.o
 .debug_rnglists
                0x00000244       0x3f ./Drivers/STM32F4xx_HAL_Driver/Src/stm32f4xx_hal_gpio.o
 .debug_rnglists
                0x00000283       0xfa ./Drivers/STM32F4xx_HAL_Driver/Src/stm32f4xx_hal_pcd.o
 .debug_rnglists
                0x0000037d       0x26 ./Drivers/STM32F4xx_HAL_Driver/Src/stm32f4xx_hal_pcd_ex.o
 .debug_rnglists
                0x000003a3       0x66 ./Drivers/STM32F4xx_HAL_Driver/Src/stm32f4xx_hal_rcc.o
 .debug_rnglists
                0x00000409      0x147 ./Drivers/STM32F4xx_HAL_Driver/Src/stm32f4xx_ll_usb.o
 .debug_rnglists
                0x00000550       0x6c ./Middlewares/ST/STM32_USB_Device_Library/Class/CDC/Src/usbd_cdc.o
 .debug_rnglists
                0x000005bc       0xa1 ./Middlewares/ST/STM32_USB_Device_Library/Core/Src/usbd_core.o
 .debug_rnglists
                0x0000065d       0x6e ./Middlewares/ST/STM32_USB_Device_Library/Core/Src/usbd_ctlreq.o
 .debug_rnglists
                0x000006cb       0x37 ./Middlewares/ST/STM32_USB_Device_Library/Core/Src/usbd_ioreq.o
 .debug_rnglists
                0x00000702       0x13 ./USB_DEVICE/App/usb_device.o
 .debug_rnglists
                0x00000715       0x32 ./USB_DEVICE/App/usbd_cdc_if.o
 .debug_rnglists
                0x00000747       0x43 ./USB_DEVICE/App/usbd_desc.o
 .debug_rnglists
                0x0000078a       0xc9 ./USB_DEVICE/Target/usbd_conf.o

.debug_macro    0x00000000    0x226c4
 .debug_macro   0x00000000      0x392 ./Core/Src/main.o
 .debug_macro   0x00000392      0xad8 ./Core/Src/main.o
 .debug_macro   0x00000e6a      0x295 ./Core/Src/main.o
 .debug_macro   0x000010ff       0x2e ./Core/Src/main.o
 .debug_macro   0x0000112d       0x2f ./Core/Src/main.o
 .debug_macro   0x0000115c       0x22 ./Core/Src/main.o
 .debug_macro   0x0000117e       0x8e ./Core/Src/main.o
 .debug_macro   0x0000120c       0x51 ./Core/Src/main.o
 .debug_macro   0x0000125d      0x103 ./Core/Src/main.o
 .debug_macro   0x00001360       0x6a ./Core/Src/main.o
 .debug_macro   0x000013ca      0x1df ./Core/Src/main.o
 .debug_macro   0x000015a9       0x1c ./Core/Src/main.o
 .debug_macro   0x000015c5       0x22 ./Core/Src/main.o
 .debug_macro   0x000015e7       0xfb ./Core/Src/main.o
 .debug_macro   0x000016e2     0x1011 ./Core/Src/main.o
 .debug_macro   0x000026f3      0x11f ./Core/Src/main.o
 .debug_macro   0x00002812    0x15ea5 ./Core/Src/main.o
 .debug_macro   0x000186b7       0x6d ./Core/Src/main.o
 .debug_macro   0x00018724     0x3693 ./Core/Src/main.o
 .debug_macro   0x0001bdb7      0x190 ./Core/Src/main.o
 .debug_macro   0x0001bf47       0x5c ./Core/Src/main.o
 .debug_macro   0x0001bfa3      0x980 ./Core/Src/main.o
 .debug_macro   0x0001c923      0x9e9 ./Core/Src/main.o
 .debug_macro   0x0001d30c      0x115 ./Core/Src/main.o
 .debug_macro   0x0001d421      0x13e ./Core/Src/main.o
 .debug_macro   0x0001d55f       0xa5 ./Core/Src/main.o
 .debug_macro   0x0001d604      0x174 ./Core/Src/main.o
 .debug_macro   0x0001d778      0x287 ./Core/Src/main.o
 .debug_macro   0x0001d9ff       0x5f ./Core/Src/main.o
 .debug_macro   0x0001da5e      0x236 ./Core/Src/main.o
 .debug_macro   0x0001dc94      0x12c ./Core/Src/main.o
 .debug_macro   0x0001ddc0      0x21e ./Core/Src/main.o
 .debug_macro   0x0001dfde       0x2e ./Core/Src/main.o
 .debug_macro   0x0001e00c      0x127 ./Core/Src/main.o
 .debug_macro   0x0001e133       0x7e ./Core/Src/main.o
 .debug_macro   0x0001e1b1       0x89 ./Core/Src/main.o
 .debug_macro   0x0001e23a      0x293 ./Core/Src/main.o
 .debug_macro   0x0001e4cd       0xba ./Core/Src/main.o
 .debug_macro   0x0001e587      0x12d ./Core/Src/main.o
 .debug_macro   0x0001e6b4       0x61 ./Core/Src/main.o
 .debug_macro   0x0001e715       0x2a ./Core/Src/main.o
 .debug_macro   0x0001e73f       0x43 ./Core/Src/main.o
 .debug_macro   0x0001e782       0x34 ./Core/Src/main.o
 .debug_macro   0x0001e7b6       0x16 ./Core/Src/main.o
 .debug_macro   0x0001e7cc       0x3c ./Core/Src/main.o
 .debug_macro   0x0001e808      0x364 ./Core/Src/main.o
 .debug_macro   0x0001eb6c       0x10 ./Core/Src/main.o
 .debug_macro   0x0001eb7c       0x16 ./Core/Src/main.o
 .debug_macro   0x0001eb92       0x4a ./Core/Src/main.o
 .debug_macro   0x0001ebdc       0x34 ./Core/Src/main.o
 .debug_macro   0x0001ec10       0x10 ./Core/Src/main.o
 .debug_macro   0x0001ec20       0x58 ./Core/Src/main.o
 .debug_macro   0x0001ec78       0x8e ./Core/Src/main.o
 .debug_macro   0x0001ed06       0x1c ./Core/Src/main.o
 .debug_macro   0x0001ed22      0x17e ./Core/Src/main.o
 .debug_macro   0x0001eea0       0x16 ./Core/Src/main.o
 .debug_macro   0x0001eeb6       0x16 ./Core/Src/main.o
 .debug_macro   0x0001eecc      0x146 ./Core/Src/main.o
 .debug_macro   0x0001f012       0x16 ./Core/Src/main.o
 .debug_macro   0x0001f028       0x16 ./Core/Src/main.o
 .debug_macro   0x0001f03e       0x29 ./Core/Src/main.o
 .debug_macro   0x0001f067       0x16 ./Core/Src/main.o
 .debug_macro   0x0001f07d       0x20 ./Core/Src/main.o
 .debug_macro   0x0001f09d       0x65 ./Core/Src/main.o
 .debug_macro   0x0001f102      0x20f ./Core/Src/main.o
 .debug_macro   0x0001f311       0x95 ./Core/Src/main.o
 .debug_macro   0x0001f3a6       0x10 ./Core/Src/main.o
 .debug_macro   0x0001f3b6      0x1de ./Core/Src/stm32f4xx_hal_msp.o
 .debug_macro   0x0001f594      0x1e8 ./Core/Src/stm32f4xx_it.o
 .debug_macro   0x0001f77c      0x1d4 ./Core/Src/system_stm32f4xx.o
 .debug_macro   0x0001f950      0x234 ./Drivers/STM32F4xx_HAL_Driver/Src/stm32f4xx_hal.o
 .debug_macro   0x0001fb84      0x1d4 ./Drivers/STM32F4xx_HAL_Driver/Src/stm32f4xx_hal_cortex.o
 .debug_macro   0x0001fd58      0x1da ./Drivers/STM32F4xx_HAL_Driver/Src/stm32f4xx_hal_gpio.o
 .debug_macro   0x0001ff32      0x1e0 ./Drivers/STM32F4xx_HAL_Driver/Src/stm32f4xx_hal_pcd.o
 .debug_macro   0x00020112      0x1d4 ./Drivers/STM32F4xx_HAL_Driver/Src/stm32f4xx_hal_pcd_ex.o
 .debug_macro   0x000202e6      0x1f8 ./Drivers/STM32F4xx_HAL_Driver/Src/stm32f4xx_hal_rcc.o
 .debug_macro   0x000204de      0x1d4 ./Drivers/STM32F4xx_HAL_Driver/Src/stm32f4xx_ll_usb.o
 .debug_macro   0x000206b2      0x36d ./Middlewares/ST/STM32_USB_Device_Library/Class/CDC/Src/usbd_cdc.o
 .debug_macro   0x00020a1f       0x9e ./Middlewares/ST/STM32_USB_Device_Library/Class/CDC/Src/usbd_cdc.o
 .debug_macro   0x00020abd      0x112 ./Middlewares/ST/STM32_USB_Device_Library/Class/CDC/Src/usbd_cdc.o
 .debug_macro   0x00020bcf       0x56 ./Middlewares/ST/STM32_USB_Device_Library/Class/CDC/Src/usbd_cdc.o
 .debug_macro   0x00020c25      0x354 ./Middlewares/ST/STM32_USB_Device_Library/Core/Src/usbd_core.o
 .debug_macro   0x00020f79      0x215 ./Middlewares/ST/STM32_USB_Device_Library/Core/Src/usbd_core.o
 .debug_macro   0x0002118e      0x35e ./Middlewares/ST/STM32_USB_Device_Library/Core/Src/usbd_ctlreq.o
 .debug_macro   0x000214ec      0x35a ./Middlewares/ST/STM32_USB_Device_Library/Core/Src/usbd_ioreq.o
 .debug_macro   0x00021846      0x393 ./USB_DEVICE/App/usb_device.o
 .debug_macro   0x00021bd9       0x22 ./USB_DEVICE/App/usb_device.o
 .debug_macro   0x00021bfb       0x16 ./USB_DEVICE/App/usb_device.o
 .debug_macro   0x00021c11      0x389 ./USB_DEVICE/App/usbd_cdc_if.o
 .debug_macro   0x00021f9a       0x1c ./USB_DEVICE/App/usbd_cdc_if.o
 .debug_macro   0x00021fb6      0x397 ./USB_DEVICE/App/usbd_desc.o
 .debug_macro   0x0002234d      0x377 ./USB_DEVICE/Target/usbd_conf.o

.debug_line     0x00000000     0xe6ad
 .debug_line    0x00000000      0x9e9 ./Core/Src/main.o
 .debug_line    0x000009e9      0x68e ./Core/Src/stm32f4xx_hal_msp.o
 .debug_line    0x00001077      0x754 ./Core/Src/stm32f4xx_it.o
 .debug_line    0x000017cb      0x703 ./Core/Src/system_stm32f4xx.o
 .debug_line    0x00001ece       0x7a ./Core/Startup/startup_stm32f407vgtx.o
 .debug_line    0x00001f48      0x982 ./Drivers/STM32F4xx_HAL_Driver/Src/stm32f4xx_hal.o
 .debug_line    0x000028ca      0xc4f ./Drivers/STM32F4xx_HAL_Driver/Src/stm32f4xx_hal_cortex.o
 .debug_line    0x00003519      0xad4 ./Drivers/STM32F4xx_HAL_Driver/Src/stm32f4xx_hal_gpio.o
 .debug_line    0x00003fed     0x13c8 ./Drivers/STM32F4xx_HAL_Driver/Src/stm32f4xx_hal_pcd.o
 .debug_line    0x000053b5      0x748 ./Drivers/STM32F4xx_HAL_Driver/Src/stm32f4xx_hal_pcd_ex.o
 .debug_line    0x00005afd      0xd8e ./Drivers/STM32F4xx_HAL_Driver/Src/stm32f4xx_hal_rcc.o
 .debug_line    0x0000688b     0x1cb9 ./Drivers/STM32F4xx_HAL_Driver/Src/stm32f4xx_ll_usb.o
 .debug_line    0x00008544      0xddd ./Middlewares/ST/STM32_USB_Device_Library/Class/CDC/Src/usbd_cdc.o
 .debug_line    0x00009321      0xe95 ./Middlewares/ST/STM32_USB_Device_Library/Core/Src/usbd_core.o
 .debug_line    0x0000a1b6     0x1057 ./Middlewares/ST/STM32_USB_Device_Library/Core/Src/usbd_ctlreq.o
 .debug_line    0x0000b20d      0x99c ./Middlewares/ST/STM32_USB_Device_Library/Core/Src/usbd_ioreq.o
 .debug_line    0x0000bba9      0x962 ./USB_DEVICE/App/usb_device.o
 .debug_line    0x0000c50b      0xa4e ./USB_DEVICE/App/usbd_cdc_if.o
 .debug_line    0x0000cf59      0xa0b ./USB_DEVICE/App/usbd_desc.o
 .debug_line    0x0000d964      0xd49 ./USB_DEVICE/Target/usbd_conf.o

.debug_str      0x00000000    0xc4032
 .debug_str     0x00000000    0xc4032 ./Core/Src/main.o
                              0xc0c71 (size before relaxing)
 .debug_str     0x000c4032    0xbc40c ./Core/Src/stm32f4xx_hal_msp.o
 .debug_str     0x000c4032    0xbc7a8 ./Core/Src/stm32f4xx_it.o
 .debug_str     0x000c4032    0xbc49f ./Core/Src/system_stm32f4xx.o
 .debug_str     0x000c4032       0x73 ./Core/Startup/startup_stm32f407vgtx.o
 .debug_str     0x000c4032    0xbd023 ./Drivers/STM32F4xx_HAL_Driver/Src/stm32f4xx_hal.o
 .debug_str     0x000c4032    0xbcd9f ./Drivers/STM32F4xx_HAL_Driver/Src/stm32f4xx_hal_cortex.o
 .debug_str     0x000c4032    0xbc61a ./Drivers/STM32F4xx_HAL_Driver/Src/stm32f4xx_hal_gpio.o
 .debug_str     0x000c4032    0xbcf7d ./Drivers/STM32F4xx_HAL_Driver/Src/stm32f4xx_hal_pcd.o
 .debug_str     0x000c4032    0xbc86d ./Drivers/STM32F4xx_HAL_Driver/Src/stm32f4xx_hal_pcd_ex.o
 .debug_str     0x000c4032    0xbc8d3 ./Drivers/STM32F4xx_HAL_Driver/Src/stm32f4xx_hal_rcc.o
 .debug_str     0x000c4032    0xbce58 ./Drivers/STM32F4xx_HAL_Driver/Src/stm32f4xx_ll_usb.o
 .debug_str     0x000c4032    0xc149e ./Middlewares/ST/STM32_USB_Device_Library/Class/CDC/Src/usbd_cdc.o
 .debug_str     0x000c4032    0xc0dfe ./Middlewares/ST/STM32_USB_Device_Library/Core/Src/usbd_core.o
 .debug_str     0x000c4032    0xc0c29 ./Middlewares/ST/STM32_USB_Device_Library/Core/Src/usbd_ctlreq.o
 .debug_str     0x000c4032    0xc0afe ./Middlewares/ST/STM32_USB_Device_Library/Core/Src/usbd_ioreq.o
 .debug_str     0x000c4032    0xc0eb1 ./USB_DEVICE/App/usb_device.o
 .debug_str     0x000c4032    0xc0fb5 ./USB_DEVICE/App/usbd_cdc_if.o
 .debug_str     0x000c4032    0xc09f6 ./USB_DEVICE/App/usbd_desc.o
 .debug_str     0x000c4032    0xc1cf3 ./USB_DEVICE/Target/usbd_conf.o

.comment        0x00000000       0x43
 .comment       0x00000000       0x43 ./Core/Src/main.o
                                 0x44 (size before relaxing)
 .comment       0x00000043       0x44 ./Core/Src/stm32f4xx_hal_msp.o
 .comment       0x00000043       0x44 ./Core/Src/stm32f4xx_it.o
 .comment       0x00000043       0x44 ./Core/Src/system_stm32f4xx.o
 .comment       0x00000043       0x44 ./Drivers/STM32F4xx_HAL_Driver/Src/stm32f4xx_hal.o
 .comment       0x00000043       0x44 ./Drivers/STM32F4xx_HAL_Driver/Src/stm32f4xx_hal_cortex.o
 .comment       0x00000043       0x44 ./Drivers/STM32F4xx_HAL_Driver/Src/stm32f4xx_hal_gpio.o
 .comment       0x00000043       0x44 ./Drivers/STM32F4xx_HAL_Driver/Src/stm32f4xx_hal_pcd.o
 .comment       0x00000043       0x44 ./Drivers/STM32F4xx_HAL_Driver/Src/stm32f4xx_hal_pcd_ex.o
 .comment       0x00000043       0x44 ./Drivers/STM32F4xx_HAL_Driver/Src/stm32f4xx_hal_rcc.o
 .comment       0x00000043       0x44 ./Drivers/STM32F4xx_HAL_Driver/Src/stm32f4xx_ll_usb.o
 .comment       0x00000043       0x44 ./Middlewares/ST/STM32_USB_Device_Library/Class/CDC/Src/usbd_cdc.o
 .comment       0x00000043       0x44 ./Middlewares/ST/STM32_USB_Device_Library/Core/Src/usbd_core.o
 .comment       0x00000043       0x44 ./Middlewares/ST/STM32_USB_Device_Library/Core/Src/usbd_ctlreq.o
 .comment       0x00000043       0x44 ./Middlewares/ST/STM32_USB_Device_Library/Core/Src/usbd_ioreq.o
 .comment       0x00000043       0x44 ./USB_DEVICE/App/usb_device.o
 .comment       0x00000043       0x44 ./USB_DEVICE/App/usbd_cdc_if.o
 .comment       0x00000043       0x44 ./USB_DEVICE/App/usbd_desc.o
 .comment       0x00000043       0x44 ./USB_DEVICE/Target/usbd_conf.o

.debug_frame    0x00000000     0x2aac
 .debug_frame   0x00000000       0x94 ./Core/Src/main.o
 .debug_frame   0x00000094       0x34 ./Core/Src/stm32f4xx_hal_msp.o
 .debug_frame   0x000000c8      0x114 ./Core/Src/stm32f4xx_it.o
 .debug_frame   0x000001dc       0x50 ./Core/Src/system_stm32f4xx.o
 .debug_frame   0x0000022c      0x31c ./Drivers/STM32F4xx_HAL_Driver/Src/stm32f4xx_hal.o
 .debug_frame   0x00000548      0x4b8 ./Drivers/STM32F4xx_HAL_Driver/Src/stm32f4xx_hal_cortex.o
 .debug_frame   0x00000a00      0x130 ./Drivers/STM32F4xx_HAL_Driver/Src/stm32f4xx_hal_gpio.o
 .debug_frame   0x00000b30      0x574 ./Drivers/STM32F4xx_HAL_Driver/Src/stm32f4xx_hal_pcd.o
 .debug_frame   0x000010a4       0xa0 ./Drivers/STM32F4xx_HAL_Driver/Src/stm32f4xx_hal_pcd_ex.o
 .debug_frame   0x00001144      0x1d8 ./Drivers/STM32F4xx_HAL_Driver/Src/stm32f4xx_hal_rcc.o
 .debug_frame   0x0000131c      0x724 ./Drivers/STM32F4xx_HAL_Driver/Src/stm32f4xx_ll_usb.o
 .debug_frame   0x00001a40      0x22c ./Middlewares/ST/STM32_USB_Device_Library/Class/CDC/Src/usbd_cdc.o
 .debug_frame   0x00001c6c      0x370 ./Middlewares/ST/STM32_USB_Device_Library/Core/Src/usbd_core.o
 .debug_frame   0x00001fdc      0x234 ./Middlewares/ST/STM32_USB_Device_Library/Core/Src/usbd_ctlreq.o
 .debug_frame   0x00002210      0x10c ./Middlewares/ST/STM32_USB_Device_Library/Core/Src/usbd_ioreq.o
 .debug_frame   0x0000231c       0x2c ./USB_DEVICE/App/usb_device.o
 .debug_frame   0x00002348       0xd8 ./USB_DEVICE/App/usbd_cdc_if.o
 .debug_frame   0x00002420      0x154 ./USB_DEVICE/App/usbd_desc.o
 .debug_frame   0x00002574      0x46c ./USB_DEVICE/Target/usbd_conf.o
 .debug_frame   0x000029e0       0x20 /opt/st/stm32cubeide_2.1.0/plugins/com.st.stm32cube.ide.mcu.externaltools.gnu-tools-for-stm32.14.3.rel1.linux64_1.0.100.202602081740/tools/bin/../lib/gcc/arm-none-eabi/14.3.1/../../../../arm-none-eabi/lib/thumb/v7e-m+fp/hard/libc_nano.a(libc_a-memset.o)
 .debug_frame   0x00002a00       0x2c /opt/st/stm32cubeide_2.1.0/plugins/com.st.stm32cube.ide.mcu.externaltools.gnu-tools-for-stm32.14.3.rel1.linux64_1.0.100.202602081740/tools/bin/../lib/gcc/arm-none-eabi/14.3.1/../../../../arm-none-eabi/lib/thumb/v7e-m+fp/hard/libc_nano.a(libc_a-init.o)
 .debug_frame   0x00002a2c       0x20 /opt/st/stm32cubeide_2.1.0/plugins/com.st.stm32cube.ide.mcu.externaltools.gnu-tools-for-stm32.14.3.rel1.linux64_1.0.100.202602081740/tools/bin/../lib/gcc/arm-none-eabi/14.3.1/../../../../arm-none-eabi/lib/thumb/v7e-m+fp/hard/libc_nano.a(libc_a-strlen.o)
 .debug_frame   0x00002a4c       0x2c /opt/st/stm32cubeide_2.1.0/plugins/com.st.stm32cube.ide.mcu.externaltools.gnu-tools-for-stm32.14.3.rel1.linux64_1.0.100.202602081740/tools/bin/../lib/gcc/arm-none-eabi/14.3.1/thumb/v7e-m+fp/hard/libgcc.a(_aeabi_uldivmod.o)
 .debug_frame   0x00002a78       0x34 /opt/st/stm32cubeide_2.1.0/plugins/com.st.stm32cube.ide.mcu.externaltools.gnu-tools-for-stm32.14.3.rel1.linux64_1.0.100.202602081740/tools/bin/../lib/gcc/arm-none-eabi/14.3.1/thumb/v7e-m+fp/hard/libgcc.a(_udivmoddi4.o)

.debug_line_str
                0x00000000       0x57
 .debug_line_str
                0x00000000       0x57 ./Core/Startup/startup_stm32f407vgtx.o
