17:38:40 **** Incremental Build of configuration Debug for project MPU6050_Driver ****
make -j8 all 
arm-none-eabi-gcc "../Core/Src/mpu6050.c" -mcpu=cortex-m4 -std=gnu11 -g3 -DDEBUG -DUSE_HAL_DRIVER -DSTM32F407xx -c -I../Core/Inc -I../Drivers/STM32F4xx_HAL_Driver/Inc -I../Drivers/STM32F4xx_HAL_Driver/Inc/Legacy -I../Drivers/CMSIS/Device/ST/STM32F4xx/Include -I../Drivers/CMSIS/Include -O0 -ffunction-sections -fdata-sections -Wall -fstack-usage -fcyclomatic-complexity -MMD -MP -MF"Core/Src/mpu6050.d" -MT"Core/Src/mpu6050.o" --specs=nano.specs -mfpu=fpv4-sp-d16 -mfloat-abi=hard -mthumb -o "Core/Src/mpu6050.o"
arm-none-eabi-gcc -o "MPU6050_Driver.elf" @"objects.list"   -mcpu=cortex-m4 -T"/home/gauri96/1.ESD_Course/Custom-USB-Device-Driver-for-Data-Acquisition/MPU6050/MPU6050_Driver/STM32F407VGTX_FLASH.ld" --specs=nosys.specs -Wl,-Map="MPU6050_Driver.map" -Wl,--gc-sections -static --specs=nano.specs -mfpu=fpv4-sp-d16 -mfloat-abi=hard -mthumb -Wl,--start-group -lc -lm -Wl,--end-group
Finished building target: MPU6050_Driver.elf
 
arm-none-eabi-size  MPU6050_Driver.elf 
arm-none-eabi-objdump -h -S MPU6050_Driver.elf  > "MPU6050_Driver.list"
   text	   data	    bss	    dec	    hex	filename
   8440	     12	   1724	  10176	   27c0	MPU6050_Driver.elf
Finished building: default.size.stdout
 
Finished building: MPU6050_Driver.list
 

17:38:40 Build Finished. 0 errors, 0 warnings. (took 273ms)

